Component: ARM Compiler 5.05 update 1 (build 106) Tool: armlink [4d0efa]

==============================================================================

Section Cross References

    startup_stm32f427xx.o(RESET) refers to startup_stm32f427xx.o(STACK) for __initial_sp
    startup_stm32f427xx.o(RESET) refers to startup_stm32f427xx.o(.text) for Reset_Handler
    startup_stm32f427xx.o(RESET) refers to stm32f4xx_it.o(i.NMI_Handler) for NMI_Handler
    startup_stm32f427xx.o(RESET) refers to stm32f4xx_it.o(i.HardFault_Handler) for HardFault_Handler
    startup_stm32f427xx.o(RESET) refers to stm32f4xx_it.o(i.MemManage_Handler) for MemManage_Handler
    startup_stm32f427xx.o(RESET) refers to stm32f4xx_it.o(i.BusFault_Handler) for BusFault_Handler
    startup_stm32f427xx.o(RESET) refers to stm32f4xx_it.o(i.UsageFault_Handler) for UsageFault_Handler
    startup_stm32f427xx.o(RESET) refers to port.o(.emb_text) for SVC_Handler
    startup_stm32f427xx.o(RESET) refers to stm32f4xx_it.o(i.DebugMon_Handler) for DebugMon_Handler
    startup_stm32f427xx.o(RESET) refers to freertos_middleware.o(i.SysTick_Handler) for SysTick_Handler
    startup_stm32f427xx.o(RESET) refers to uart_vofa.o(i.DMA1_Stream1_IRQHandler) for DMA1_Stream1_IRQHandler
    startup_stm32f427xx.o(RESET) refers to can_receive.o(i.CAN1_RX0_IRQHandler) for CAN1_RX0_IRQHandler
    startup_stm32f427xx.o(RESET) refers to ins_task.o(i.EXTI9_5_IRQHandler) for EXTI9_5_IRQHandler
    startup_stm32f427xx.o(RESET) refers to freertos_middleware.o(i.TIM3_IRQHandler) for TIM3_IRQHandler
    startup_stm32f427xx.o(RESET) refers to remote_control.o(i.USART1_IRQHandler) for USART1_IRQHandler
    startup_stm32f427xx.o(RESET) refers to judge_analysis.o(i.UART4_IRQHandler) for UART4_IRQHandler
    startup_stm32f427xx.o(RESET) refers to can_receive.o(i.CAN2_RX1_IRQHandler) for CAN2_RX1_IRQHandler
    startup_stm32f427xx.o(RESET) refers to ins_task.o(i.DMA2_Stream5_IRQHandler) for DMA2_Stream5_IRQHandler
    startup_stm32f427xx.o(RESET) refers to uart_blt566.o(i.UART8_IRQHandler) for UART8_IRQHandler
    startup_stm32f427xx.o(.text) refers to system_stm32f4xx.o(i.SystemInit) for SystemInit
    startup_stm32f427xx.o(.text) refers to entry.o(.ARM.Collect$$$$00000000) for __main
    system_stm32f4xx.o(i.SystemCoreClockUpdate) refers to system_stm32f4xx.o(.data) for SystemCoreClock
    system_stm32f4xx.o(i.SystemInit) refers to system_stm32f4xx.o(i.SetSysClock) for SetSysClock
    stm32f4xx_adc.o(i.ADC_DeInit) refers to stm32f4xx_rcc.o(i.RCC_APB2PeriphResetCmd) for RCC_APB2PeriphResetCmd
    stm32f4xx_can.o(i.CAN_DeInit) refers to stm32f4xx_rcc.o(i.RCC_APB1PeriphResetCmd) for RCC_APB1PeriphResetCmd
    stm32f4xx_can.o(i.CAN_GetITStatus) refers to stm32f4xx_can.o(i.CheckITStatus) for CheckITStatus
    stm32f4xx_cryp.o(i.CRYP_DeInit) refers to stm32f4xx_rcc.o(i.RCC_AHB2PeriphResetCmd) for RCC_AHB2PeriphResetCmd
    stm32f4xx_cryp_aes.o(i.CRYP_AES_CBC) refers to stm32f4xx_cryp.o(i.CRYP_KeyStructInit) for CRYP_KeyStructInit
    stm32f4xx_cryp_aes.o(i.CRYP_AES_CBC) refers to stm32f4xx_cryp.o(i.CRYP_FIFOFlush) for CRYP_FIFOFlush
    stm32f4xx_cryp_aes.o(i.CRYP_AES_CBC) refers to stm32f4xx_cryp.o(i.CRYP_Init) for CRYP_Init
    stm32f4xx_cryp_aes.o(i.CRYP_AES_CBC) refers to stm32f4xx_cryp.o(i.CRYP_KeyInit) for CRYP_KeyInit
    stm32f4xx_cryp_aes.o(i.CRYP_AES_CBC) refers to stm32f4xx_cryp.o(i.CRYP_Cmd) for CRYP_Cmd
    stm32f4xx_cryp_aes.o(i.CRYP_AES_CBC) refers to stm32f4xx_cryp.o(i.CRYP_GetFlagStatus) for CRYP_GetFlagStatus
    stm32f4xx_cryp_aes.o(i.CRYP_AES_CBC) refers to stm32f4xx_cryp.o(i.CRYP_IVInit) for CRYP_IVInit
    stm32f4xx_cryp_aes.o(i.CRYP_AES_CBC) refers to stm32f4xx_cryp.o(i.CRYP_GetCmdStatus) for CRYP_GetCmdStatus
    stm32f4xx_cryp_aes.o(i.CRYP_AES_CBC) refers to stm32f4xx_cryp.o(i.CRYP_DataIn) for CRYP_DataIn
    stm32f4xx_cryp_aes.o(i.CRYP_AES_CBC) refers to stm32f4xx_cryp.o(i.CRYP_DataOut) for CRYP_DataOut
    stm32f4xx_cryp_aes.o(i.CRYP_AES_CCM) refers to stm32f4xx_cryp.o(i.CRYP_KeyStructInit) for CRYP_KeyStructInit
    stm32f4xx_cryp_aes.o(i.CRYP_AES_CCM) refers to stm32f4xx_cryp.o(i.CRYP_FIFOFlush) for CRYP_FIFOFlush
    stm32f4xx_cryp_aes.o(i.CRYP_AES_CCM) refers to stm32f4xx_cryp.o(i.CRYP_KeyInit) for CRYP_KeyInit
    stm32f4xx_cryp_aes.o(i.CRYP_AES_CCM) refers to stm32f4xx_cryp.o(i.CRYP_IVInit) for CRYP_IVInit
    stm32f4xx_cryp_aes.o(i.CRYP_AES_CCM) refers to stm32f4xx_cryp.o(i.CRYP_Init) for CRYP_Init
    stm32f4xx_cryp_aes.o(i.CRYP_AES_CCM) refers to stm32f4xx_cryp.o(i.CRYP_PhaseConfig) for CRYP_PhaseConfig
    stm32f4xx_cryp_aes.o(i.CRYP_AES_CCM) refers to stm32f4xx_cryp.o(i.CRYP_DataIn) for CRYP_DataIn
    stm32f4xx_cryp_aes.o(i.CRYP_AES_CCM) refers to stm32f4xx_cryp.o(i.CRYP_Cmd) for CRYP_Cmd
    stm32f4xx_cryp_aes.o(i.CRYP_AES_CCM) refers to stm32f4xx_cryp.o(i.CRYP_GetCmdStatus) for CRYP_GetCmdStatus
    stm32f4xx_cryp_aes.o(i.CRYP_AES_CCM) refers to stm32f4xx_cryp.o(i.CRYP_GetFlagStatus) for CRYP_GetFlagStatus
[...]
    ucHeap                                   0x20000620   Data       131072  heap_4.o(.bss)
    .bss                                     0x20020620   Section       52  user_task.o(.bss)
    .bss                                     0x20020654   Section       94  remote_control.o(.bss)
    SBUS_rx_buf                              0x2002066a   Data          72  remote_control.o(.bss)
    .bss                                     0x200206b4   Section      588  can_receive.o(.bss)
    GIMBAL_TxMessage                         0x200208c4   Data          20  can_receive.o(.bss)
    .bss                                     0x20020900   Section      468  detect_task.o(.bss)
    errorList                                0x20020900   Data         468  detect_task.o(.bss)
    .bss                                     0x20020ad4   Section      216  servo_task.o(.bss)
    .bss                                     0x20020bac   Section      432  gimbal_behaviour_simple.o(.bss)
    .bss                                     0x20020d5c   Section      216  shoot_task.o(.bss)
    .bss                                     0x20020e34   Section       32  chassis_task_simple.o(.bss)
    .bss                                     0x20020e54   Section      320  chassis_behaviour_simple.o(.bss)
    .bss                                     0x20020f94   Section      664  judge_analysis.o(.bss)
    .bss                                     0x2002122c   Section      121  imu901.o(.bss)
    .bss                                     0x200212a5   Section       40  vofa.o(.bss)
    STACK                                    0x200212d0   Section     1024  startup_stm32f427xx.o(STACK)

    Global Symbols

    Symbol Name                              Value     Ov Type        Size  Object(Section)

    BuildAttributes$$THM_ISAv4$E$P$D$K$B$S$7EM$VFPi3$EXTD16$VFPS$VFMA$PE$A:L22UL41UL21$X:L11$S22US41US21$IEEE1$IW$USESV6$~STKCKD$USESV7$~SHL$OTIME$ROPI$IEEEX$EBA8$MICROLIB$REQ8$PRES8$EABIv2 0x00000000   Number         0  anon$$obj.o ABSOLUTE
    __ARM_use_no_argv                        0x00000000   Number         0  main.o ABSOLUTE
    _printf_a                                0x00000000   Number         0  stubs.o ABSOLUTE
    _printf_c                                0x00000000   Number         0  stubs.o ABSOLUTE
    _printf_charcount                        0x00000000   Number         0  stubs.o ABSOLUTE
    _printf_d                                0x00000000   Number         0  stubs.o ABSOLUTE
    _printf_e                                0x00000000   Number         0  stubs.o ABSOLUTE
    _printf_f                                0x00000000   Number         0  stubs.o ABSOLUTE
    _printf_flags                            0x00000000   Number         0  stubs.o ABSOLUTE
    _printf_fp_dec                           0x00000000   Number         0  stubs.o ABSOLUTE
    _printf_fp_hex                           0x00000000   Number         0  stubs.o ABSOLUTE
    _printf_g                                0x00000000   Number         0  stubs.o ABSOLUTE
    _printf_i                                0x00000000   Number         0  stubs.o ABSOLUTE
    _printf_int_dec                          0x00000000   Number         0  stubs.o ABSOLUTE
    _printf_l                                0x00000000   Number         0  stubs.o ABSOLUTE
    _printf_lc                               0x00000000   Number         0  stubs.o ABSOLUTE
    _printf_ll                               0x00000000   Number         0  stubs.o ABSOLUTE
    _printf_lld                              0x00000000   Number         0  stubs.o ABSOLUTE
    _printf_lli                              0x00000000   Number         0  stubs.o ABSOLUTE
    _printf_llo                              0x00000000   Number         0  stubs.o ABSOLUTE
    _printf_llu                              0x00000000   Number         0  stubs.o ABSOLUTE
    _printf_llx                              0x00000000   Number         0  stubs.o ABSOLUTE
    _printf_longlong_dec                     0x00000000   Number         0  stubs.o ABSOLUTE
    _printf_longlong_hex                     0x00000000   Number         0  stubs.o ABSOLUTE
    _printf_longlong_oct                     0x00000000   Number         0  stubs.o ABSOLUTE
    _printf_ls                               0x00000000   Number         0  stubs.o ABSOLUTE
    _printf_mbtowc                           0x00000000   Number         0  stubs.o ABSOLUTE
    _printf_n                                0x00000000   Number         0  stubs.o ABSOLUTE
    _printf_o                                0x00000000   Number         0  stubs.o ABSOLUTE
    _printf_p                                0x00000000   Number         0  stubs.o ABSOLUTE
    _printf_percent                          0x00000000   Number         0  stubs.o ABSOLUTE
    _printf_pre_padding                      0x00000000   Number         0  stubs.o ABSOLUTE
    _printf_return_value                     0x00000000   Number         0  stubs.o ABSOLUTE
    _printf_s                                0x00000000   Number         0  stubs.o ABSOLUTE
    _printf_sizespec                         0x00000000   Number         0  stubs.o ABSOLUTE
    _printf_str                              0x00000000   Number         0  stubs.o ABSOLUTE
    _printf_truncate_signed                  0x00000000   Number         0  stubs.o ABSOLUTE
    _printf_truncate_unsigned                0x00000000   Number         0  stubs.o ABSOLUTE
    _printf_u                                0x00000000   Number         0  stubs.o ABSOLUTE
    _printf_wc                               0x00000000   Number         0  stubs.o ABSOLUTE
    _printf_wctomb                           0x00000000   Number         0  stubs.o ABSOLUTE
    _printf_widthprec                        0x00000000   Number         0  stubs.o ABSOLUTE
    _printf_x                                0x00000000   Number         0  stubs.o ABSOLUTE
    __cpp_initialize__aeabi_                  - Undefined Weak Reference
    __cxa_finalize                            - Undefined Weak Reference
    _clock_init                               - Undefined Weak Reference
    _microlib_exit                            - Undefined Weak Reference
    __Vectors_Size                           0x000001ac   Number         0  startup_stm32f427xx.o ABSOLUTE
    __Vectors                                0x08000000   Data           4  startup_stm32f427xx.o(RESET)
    __Vectors_End                            0x080001ac   Data           0  startup_stm32f427xx.o(RESET)
    __main                                   0x080001ad   Thumb Code     0  entry.o(.ARM.Collect$$$$00000000)
    _main_stk                                0x080001ad   Thumb Code     0  entry2.o(.ARM.Collect$$$$00000001)
    _main_scatterload                        0x080001b1   Thumb Code     0  entry5.o(.ARM.Collect$$$$00000004)
    __main_after_scatterload                 0x080001b5   Thumb Code     0  entry5.o(.ARM.Collect$$$$00000004)
    _main_clock                              0x080001b5   Thumb Code     0  entry7b.o(.ARM.Collect$$$$00000008)
    _main_cpp_init                           0x080001b5   Thumb Code     0  entry8b.o(.ARM.Collect$$$$0000000A)
    _main_init                               0x080001b5   Thumb Code     0  entry9a.o(.ARM.Collect$$$$0000000B)
    __rt_final_cpp                           0x080001bd   Thumb Code     0  entry10a.o(.ARM.Collect$$$$0000000D)
    __rt_final_exit                          0x080001bd   Thumb Code     0  entry11a.o(.ARM.Collect$$$$0000000F)
    SVC_Handler                              0x080001c1   Thumb Code    28  port.o(.emb_text)
    __asm___6_port_c_39a90d8d__prvStartFirstTask 0x080001e1   Thumb Code    28  port.o(.emb_text)
    __asm___6_port_c_39a90d8d__prvEnableVFP  0x08000201   Thumb Code    16  port.o(.emb_text)
    PendSV_Handler                           0x08000215   Thumb Code    88  port.o(.emb_text)
    vPortGetIPSR                             0x08000271   Thumb Code     6  port.o(.emb_text)
    Reset_Handler                            0x08000279   Thumb Code    18  startup_stm32f427xx.o(.text)
    ADC_IRQHandler                           0x0800029d   Thumb Code     0  startup_stm32f427xx.o(.text)
    CAN1_RX1_IRQHandler                      0x0800029d   Thumb Code     0  startup_stm32f427xx.o(.text)
    CAN1_SCE_IRQHandler                      0x0800029d   Thumb Code     0  startup_stm32f427xx.o(.text)
    CAN1_TX_IRQHandler                       0x0800029d   Thumb Code     0  startup_stm32f427xx.o(.text)
    CAN2_RX0_IRQHandler                      0x0800029d   Thumb Code     0  startup_stm32f427xx.o(.text)
    CAN2_SCE_IRQHandler                      0x0800029d   Thumb Code     0  startup_stm32f427xx.o(.text)
    CAN2_TX_IRQHandler                       0x0800029d   Thumb Code     0  startup_stm32f427xx.o(.text)
    DCMI_IRQHandler                          0x0800029d   Thumb Code     0  startup_stm32f427xx.o(.text)
    DMA1_Stream0_IRQHandler                  0x0800029d   Thumb Code     0  startup_stm32f427xx.o(.text)
    DMA1_Stream2_IRQHandler                  0x0800029d   Thumb Code     0  startup_stm32f427xx.o(.text)
    DMA1_Stream3_IRQHandler                  0x0800029d   Thumb Code     0  startup_stm32f427xx.o(.text)
    DMA1_Stream4_IRQHandler                  0x0800029d   Thumb Code     0  startup_stm32f427xx.o(.text)
    DMA1_Stream5_IRQHandler                  0x0800029d   Thumb Code     0  startup_stm32f427xx.o(.text)
    DMA1_Stream6_IRQHandler                  0x0800029d   Thumb Code     0  startup_stm32f427xx.o(.text)
    DMA1_Stream7_IRQHandler                  0x0800029d   Thumb Code     0  startup_stm32f427xx.o(.text)
    DMA2D_IRQHandler                         0x0800029d   Thumb Code     0  startup_stm32f427xx.o(.text)
    DMA2_Stream0_IRQHandler                  0x0800029d   Thumb Code     0  startup_stm32f427xx.o(.text)
    DMA2_Stream1_IRQHandler                  0x0800029d   Thumb Code     0  startup_stm32f427xx.o(.text)
    DMA2_Stream2_IRQHandler                  0x0800029d   Thumb Code     0  startup_stm32f427xx.o(.text)
    DMA2_Stream3_IRQHandler                  0x0800029d   Thumb Code     0  startup_stm32f427xx.o(.text)
    DMA2_Stream4_IRQHandler                  0x0800029d   Thumb Code     0  startup_stm32f427xx.o(.text)
    DMA2_Stream6_IRQHandler                  0x0800029d   Thumb Code     0  startup_stm32f427xx.o(.text)
    DMA2_Stream7_IRQHandler                  0x0800029d   Thumb Code     0  startup_stm32f427xx.o(.text)
    ETH_IRQHandler                           0x0800029d   Thumb Code     0  startup_stm32f427xx.o(.text)
    ETH_WKUP_IRQHandler                      0x0800029d   Thumb Code     0  startup_stm32f427xx.o(.text)
    EXTI0_IRQHandler                         0x0800029d   Thumb Code     0  startup_stm32f427xx.o(.text)
    EXTI15_10_IRQHandler                     0x0800029d   Thumb Code     0  startup_stm32f427xx.o(.text)
    EXTI1_IRQHandler                         0x0800029d   Thumb Code     0  startup_stm32f427xx.o(.text)
    EXTI2_IRQHandler                         0x0800029d   Thumb Code     0  startup_stm32f427xx.o(.text)
    EXTI3_IRQHandler                         0x0800029d   Thumb Code     0  startup_stm32f427xx.o(.text)
    EXTI4_IRQHandler                         0x0800029d   Thumb Code     0  startup_stm32f427xx.o(.text)
    FLASH_IRQHandler                         0x0800029d   Thumb Code     0  startup_stm32f427xx.o(.text)
    FMC_IRQHandler                           0x0800029d   Thumb Code     0  startup_stm32f427xx.o(.text)
    FPU_IRQHandler                           0x0800029d   Thumb Code     0  startup_stm32f427xx.o(.text)
    HASH_RNG_IRQHandler                      0x0800029d   Thumb Code     0  startup_stm32f427xx.o(.text)
    I2C1_ER_IRQHandler                       0x0800029d   Thumb Code     0  startup_stm32f427xx.o(.text)
    I2C1_EV_IRQHandler                       0x0800029d   Thumb Code     0  startup_stm32f427xx.o(.text)
    I2C2_ER_IRQHandler                       0x0800029d   Thumb Code     0  startup_stm32f427xx.o(.text)
    I2C2_EV_IRQHandler                       0x0800029d   Thumb Code     0  startup_stm32f427xx.o(.text)
    I2C3_ER_IRQHandler                       0x0800029d   Thumb Code     0  startup_stm32f427xx.o(.text)
    I2C3_EV_IRQHandler                       0x0800029d   Thumb Code     0  startup_stm32f427xx.o(.text)
    OTG_FS_IRQHandler                        0x0800029d   Thumb Code     0  startup_stm32f427xx.o(.text)
    OTG_FS_WKUP_IRQHandler                   0x0800029d   Thumb Code     0  startup_stm32f427xx.o(.text)
    OTG_HS_EP1_IN_IRQHandler                 0x0800029d   Thumb Code     0  startup_stm32f427xx.o(.text)
    OTG_HS_EP1_OUT_IRQHandler                0x0800029d   Thumb Code     0  startup_stm32f427xx.o(.text)
    OTG_HS_IRQHandler                        0x0800029d   Thumb Code     0  startup_stm32f427xx.o(.text)
    OTG_HS_WKUP_IRQHandler                   0x0800029d   Thumb Code     0  startup_stm32f427xx.o(.text)
    PVD_IRQHandler                           0x0800029d   Thumb Code     0  startup_stm32f427xx.o(.text)
    RCC_IRQHandler                           0x0800029d   Thumb Code     0  startup_stm32f427xx.o(.text)
    RTC_Alarm_IRQHandler                     0x0800029d   Thumb Code     0  startup_stm32f427xx.o(.text)
    RTC_WKUP_IRQHandler                      0x0800029d   Thumb Code     0  startup_stm32f427xx.o(.text)
    SAI1_IRQHandler                          0x0800029d   Thumb Code     0  startup_stm32f427xx.o(.text)
    SDIO_IRQHandler                          0x0800029d   Thumb Code     0  startup_stm32f427xx.o(.text)
    SPI1_IRQHandler                          0x0800029d   Thumb Code     0  startup_stm32f427xx.o(.text)
    SPI2_IRQHandler                          0x0800029d   Thumb Code     0  startup_stm32f427xx.o(.text)
    SPI3_IRQHandler                          0x0800029d   Thumb Code     0  startup_stm32f427xx.o(.text)
    SPI4_IRQHandler                          0x0800029d   Thumb Code     0  startup_stm32f427xx.o(.text)
    SPI5_IRQHandler                          0x0800029d   Thumb Code     0  startup_stm32f427xx.o(.text)
    SPI6_IRQHandler                          0x0800029d   Thumb Code     0  startup_stm32f427xx.o(.text)
    TAMP_STAMP_IRQHandler                    0x0800029d   Thumb Code     0  startup_stm32f427xx.o(.text)
    TIM1_BRK_TIM9_IRQHandler                 0x0800029d   Thumb Code     0  startup_stm32f427xx.o(.text)
    TIM1_CC_IRQHandler                       0x0800029d   Thumb Code     0  startup_stm32f427xx.o(.text)
    TIM1_TRG_COM_TIM11_IRQHandler            0x0800029d   Thumb Code     0  startup_stm32f427xx.o(.text)
    TIM1_UP_TIM10_IRQHandler                 0x0800029d   Thumb Code     0  startup_stm32f427xx.o(.text)
    TIM2_IRQHandler                          0x0800029d   Thumb Code     0  startup_stm32f427xx.o(.text)
    TIM4_IRQHandler                          0x0800029d   Thumb Code     0  startup_stm32f427xx.o(.text)
    TIM5_IRQHandler                          0x0800029d   Thumb Code     0  startup_stm32f427xx.o(.text)
    TIM6_DAC_IRQHandler                      0x0800029d   Thumb Code     0  startup_stm32f427xx.o(.text)
    TIM7_IRQHandler                          0x0800029d   Thumb Code     0  startup_stm32f427xx.o(.text)
    TIM8_BRK_TIM12_IRQHandler                0x0800029d   Thumb Code     0  startup_stm32f427xx.o(.text)
    TIM8_CC_IRQHandler                       0x0800029d   Thumb Code     0  startup_stm32f427xx.o(.text)
    TIM8_TRG_COM_TIM14_IRQHandler            0x0800029d   Thumb Code     0  startup_stm32f427xx.o(.text)
    TIM8_UP_TIM13_IRQHandler                 0x0800029d   Thumb Code     0  startup_stm32f427xx.o(.text)
    UART5_IRQHandler                         0x0800029d   Thumb Code     0  startup_stm32f427xx.o(.text)
    UART7_IRQHandler                         0x0800029d   Thumb Code     0  startup_stm32f427xx.o(.text)
    USART2_IRQHandler                        0x0800029d   Thumb Code     0  startup_stm32f427xx.o(.text)
    USART3_IRQHandler                        0x0800029d   Thumb Code     0  startup_stm32f427xx.o(.text)
    USART6_IRQHandler                        0x0800029d   Thumb Code     0  startup_stm32f427xx.o(.text)
    WWDG_IRQHandler                          0x0800029d   Thumb Code     0  startup_stm32f427xx.o(.text)
    __aeabi_memcpy                           0x080002ad   Thumb Code    36  memcpya.o(.text)
    __aeabi_memcpy4                          0x080002ad   Thumb Code     0  memcpya.o(.text)
    __aeabi_memcpy8                          0x080002ad   Thumb Code     0  memcpya.o(.text)
    __aeabi_memset                           0x080002d1   Thumb Code    14  memseta.o(.text)
    __aeabi_memset4                          0x080002d1   Thumb Code     0  memseta.o(.text)
    __aeabi_memset8                          0x080002d1   Thumb Code     0  memseta.o(.text)
    __aeabi_memclr                           0x080002df   Thumb Code     4  memseta.o(.text)
    __aeabi_memclr4                          0x080002df   Thumb Code     0  memseta.o(.text)
    __aeabi_memclr8                          0x080002df   Thumb Code     0  memseta.o(.text)
    _memset$wrapper                          0x080002e3   Thumb Code    18  memseta.o(.text)
    __aeabi_i2d                              0x080002f5   Thumb Code    34  dflti.o(.text)
    __aeabi_cdrcmple                         0x08000319   Thumb Code    48  cdrcmple.o(.text)
    __aeabi_llsr                             0x08000349   Thumb Code    32  llushr.o(.text)
    _ll_ushift_r                             0x08000349   Thumb Code     0  llushr.o(.text)
    __I$use$fp                               0x08000369   Thumb Code     0  iusefp.o(.text)
    _double_round                            0x08000369   Thumb Code    30  depilogue.o(.text)
    _double_epilogue                         0x08000387   Thumb Code   156  depilogue.o(.text)
    __scatterload                            0x08000425   Thumb Code    28  init.o(.text)
    __scatterload_rt2                        0x08000425   Thumb Code     0  init.o(.text)
    __aeabi_llsl                             0x08000449   Thumb Code    30  llshl.o(.text)
    _ll_shift_l                              0x08000449   Thumb Code     0  llshl.o(.text)
    __decompress                             0x08000467   Thumb Code     0  __dczerorl2.o(.text)
    __decompress1                            0x08000467   Thumb Code    86  __dczerorl2.o(.text)
    ADC_Cmd                                  0x080004bd   Thumb Code    22  stm32f4xx_adc.o(i.ADC_Cmd)
    ADC_CommonInit                           0x080004d5   Thumb Code    34  stm32f4xx_adc.o(i.ADC_CommonInit)
    ADC_Init                                 0x08000505   Thumb Code    74  stm32f4xx_adc.o(i.ADC_Init)
    ADC_RegularChannelConfig                 0x08000559   Thumb Code   184  stm32f4xx_adc.o(i.ADC_RegularChannelConfig)
    ADC_TempSensorVrefintCmd                 0x08000611   Thumb Code    34  stm32f4xx_adc.o(i.ADC_TempSensorVrefintCmd)
    BSP_init                                 0x0800063d   Thumb Code   116  main.o(i.BSP_init)
    Blt566_Data_handle                       0x080006bd   Thumb Code    38  uart_blt566.o(i.Blt566_Data_handle)
    BusFault_Handler                         0x080006f1   Thumb Code     4  stm32f4xx_it.o(i.BusFault_Handler)
    CAN1_RX0_IRQHandler                      0x080006f5   Thumb Code    38  can_receive.o(i.CAN1_RX0_IRQHandler)
    CAN1_mode_init                           0x08000a25   Thumb Code   264  can.o(i.CAN1_mode_init)
    CAN2_RX1_IRQHandler                      0x08000b35   Thumb Code    38  can_receive.o(i.CAN2_RX1_IRQHandler)
    CAN2_mode_init                           0x08000ced   Thumb Code   268  can.o(i.CAN2_mode_init)
    CAN_CMD_2006                             0x08000e01   Thumb Code    94  can_receive.o(i.CAN_CMD_2006)
    CAN_CMD_CAP                              0x08000e65   Thumb Code    50  can_receive.o(i.CAN_CMD_CAP)
    CAN_CMD_CHASSIS                          0x08000e9d   Thumb Code    94  can_receive.o(i.CAN_CMD_CHASSIS)
    CAN_CMD_GIMBAL                           0x08000f01   Thumb Code    68  can_receive.o(i.CAN_CMD_GIMBAL)
    CAN_CMD_SHOOT                            0x08000f4d   Thumb Code    94  can_receive.o(i.CAN_CMD_SHOOT)
    CAN_ClearITPendingBit                    0x08000fb1   Thumb Code   162  stm32f4xx_can.o(i.CAN_ClearITPendingBit)
    CAN_FilterInit                           0x08001059   Thumb Code   258  stm32f4xx_can.o(i.CAN_FilterInit)
    CAN_GIMBAL_AUTO                          0x08001161   Thumb Code   340  gimbal_behaviour_simple.o(i.CAN_GIMBAL_AUTO)
    CAN_GIMBAL_RC                            0x080012f5   Thumb Code   338  gimbal_behaviour_simple.o(i.CAN_GIMBAL_RC)
    CAN_GetITStatus                          0x08001481   Thumb Code   284  stm32f4xx_can.o(i.CAN_GetITStatus)
    CAN_ITConfig                             0x080015a1   Thumb Code    18  stm32f4xx_can.o(i.CAN_ITConfig)
    CAN_Init                                 0x080015b3   Thumb Code   276  stm32f4xx_can.o(i.CAN_Init)
    CAN_Receive                              0x080016c7   Thumb Code   240  stm32f4xx_can.o(i.CAN_Receive)
    CAN_Transmit                             0x080017b7   Thumb Code   294  stm32f4xx_can.o(i.CAN_Transmit)
    DMA1_Stream1_IRQHandler                  0x080018f1   Thumb Code    38  uart_vofa.o(i.DMA1_Stream1_IRQHandler)
    DMA2_Stream5_IRQHandler                  0x08001925   Thumb Code    66  ins_task.o(i.DMA2_Stream5_IRQHandler)
    DMA_ClearFlag                            0x0800197d   Thumb Code    38  stm32f4xx_dma.o(i.DMA_ClearFlag)
    DMA_ClearITPendingBit                    0x080019b1   Thumb Code    38  stm32f4xx_dma.o(i.DMA_ClearITPendingBit)
    DMA_Cmd                                  0x080019e5   Thumb Code    22  stm32f4xx_dma.o(i.DMA_Cmd)
    DMA_DeInit                               0x080019fd   Thumb Code   324  stm32f4xx_dma.o(i.DMA_DeInit)
    DMA_DoubleBufferModeCmd                  0x08001b55   Thumb Code    22  stm32f4xx_dma.o(i.DMA_DoubleBufferModeCmd)
    DMA_DoubleBufferModeConfig               0x08001b6b   Thumb Code    24  stm32f4xx_dma.o(i.DMA_DoubleBufferModeConfig)
    DMA_GetCmdStatus                         0x08001b83   Thumb Code    20  stm32f4xx_dma.o(i.DMA_GetCmdStatus)
    DMA_GetCurrDataCounter                   0x08001b97   Thumb Code     8  stm32f4xx_dma.o(i.DMA_GetCurrDataCounter)
    DMA_GetCurrentMemoryTarget               0x08001b9f   Thumb Code    20  stm32f4xx_dma.o(i.DMA_GetCurrentMemoryTarget)
    DMA_GetFlagStatus                        0x08001bb5   Thumb Code    54  stm32f4xx_dma.o(i.DMA_GetFlagStatus)
    DMA_ITConfig                             0x08001bf9   Thumb Code    58  stm32f4xx_dma.o(i.DMA_ITConfig)
    DMA_Init                                 0x08001c35   Thumb Code    82  stm32f4xx_dma.o(i.DMA_Init)
    DMA_SetCurrDataCounter                   0x08001c8d   Thumb Code     4  stm32f4xx_dma.o(i.DMA_SetCurrDataCounter)
    DebugMon_Handler                         0x08001c91   Thumb Code     2  stm32f4xx_it.o(i.DebugMon_Handler)
    DetectHook                               0x08001c95   Thumb Code   288  detect_task.o(i.DetectHook)
    EXTI9_5_IRQHandler                       0x08001db9   Thumb Code    32  ins_task.o(i.EXTI9_5_IRQHandler)
    EXTI_ClearITPendingBit                   0x08001dd9   Thumb Code     6  stm32f4xx_exti.o(i.EXTI_ClearITPendingBit)
    EXTI_GetITStatus                         0x08001de5   Thumb Code    20  stm32f4xx_exti.o(i.EXTI_GetITStatus)
    GIMBAL_task_Simple                       0x08001dfd   Thumb Code   114  gimbal_task_simple.o(i.GIMBAL_task_Simple)
    GPIO_Init                                0x08001e89   Thumb Code   144  stm32f4xx_gpio.o(i.GPIO_Init)
    GPIO_PinAFConfig                         0x08001f19   Thumb Code    70  stm32f4xx_gpio.o(i.GPIO_PinAFConfig)
    GPIO_ResetBits                           0x08001f5f   Thumb Code     4  stm32f4xx_gpio.o(i.GPIO_ResetBits)
    GPIO_SetBits                             0x08001f63   Thumb Code     4  stm32f4xx_gpio.o(i.GPIO_SetBits)
    Get_CRC16_Check_Sum                      0x08001f69   Thumb Code    46  crc_check.o(i.Get_CRC16_Check_Sum)
    Get_CRC8_Check_Sum                       0x08001f9d   Thumb Code    30  crc_check.o(i.Get_CRC8_Check_Sum)
    HardFault_Handler                        0x08001fc1   Thumb Code     4  stm32f4xx_it.o(i.HardFault_Handler)
    Imu_feed_back                            0x08001fc5   Thumb Code   216  user_task.o(i.Imu_feed_back)
    Init_Dma_Tx_Config                       0x080020b9   Thumb Code   168  uart_vofa.o(i.Init_Dma_Tx_Config)
    Init_Uart7                               0x08002161   Thumb Code   176  uart_vofa.o(i.Init_Uart7)
    MemManage_Handler                        0x08002219   Thumb Code     4  stm32f4xx_it.o(i.MemManage_Handler)
    NMI_Handler                              0x0800221d   Thumb Code     2  stm32f4xx_it.o(i.NMI_Handler)
    NVIC_Init                                0x08002221   Thumb Code   106  misc.o(i.NVIC_Init)
    NVIC_PriorityGroupConfig                 0x08002299   Thumb Code    10  misc.o(i.NVIC_PriorityGroupConfig)
    PID_Calc                                 0x080022ad   Thumb Code   492  pid.o(i.PID_Calc)
    PID_Init                                 0x0800249d   Thumb Code    92  pid.o(i.PID_Init)
    RCC_AHB1PeriphClockCmd                   0x080024fd   Thumb Code    26  stm32f4xx_rcc.o(i.RCC_AHB1PeriphClockCmd)
    RCC_APB1PeriphClockCmd                   0x0800251d   Thumb Code    26  stm32f4xx_rcc.o(i.RCC_APB1PeriphClockCmd)
    RCC_APB1PeriphResetCmd                   0x0800253d   Thumb Code    26  stm32f4xx_rcc.o(i.RCC_APB1PeriphResetCmd)
    RCC_APB2PeriphClockCmd                   0x0800255d   Thumb Code    26  stm32f4xx_rcc.o(i.RCC_APB2PeriphClockCmd)
    RCC_APB2PeriphResetCmd                   0x0800257d   Thumb Code    26  stm32f4xx_rcc.o(i.RCC_APB2PeriphResetCmd)
    RCC_GetClocksFreq                        0x0800259d   Thumb Code   214  stm32f4xx_rcc.o(i.RCC_GetClocksFreq)
    RC_Init                                  0x08002685   Thumb Code   312  rc.o(i.RC_Init)
    SPI5_DMA_Enable                          0x080028ad   Thumb Code   104  spi.o(i.SPI5_DMA_Enable)
    ServoTask                                0x08002921   Thumb Code   456  servo_task.o(i.ServoTask)
    ShootTask                                0x08002c55   Thumb Code   698  shoot_task.o(i.ShootTask)
    SysTick_CLKSourceConfig                  0x08002f75   Thumb Code    40  misc.o(i.SysTick_CLKSourceConfig)
    SysTick_Handler                          0x08002f9d   Thumb Code    16  freertos_middleware.o(i.SysTick_Handler)
    SystemInit                               0x08002fad   Thumb Code    88  system_stm32f4xx.o(i.SystemInit)
    TIM3_IRQHandler                          0x08003015   Thumb Code    40  freertos_middleware.o(i.TIM3_IRQHandler)
    TIM_ARRPreloadConfig                     0x08003045   Thumb Code    24  stm32f4xx_tim.o(i.TIM_ARRPreloadConfig)
    TIM_ClearFlag                            0x0800305d   Thumb Code     6  stm32f4xx_tim.o(i.TIM_ClearFlag)
    TIM_Cmd                                  0x08003063   Thumb Code    24  stm32f4xx_tim.o(i.TIM_Cmd)
    TIM_GetITStatus                          0x0800307b   Thumb Code    34  stm32f4xx_tim.o(i.TIM_GetITStatus)
    TIM_OC1Init                              0x0800309d   Thumb Code   114  stm32f4xx_tim.o(i.TIM_OC1Init)
    TIM_OC1PreloadConfig                     0x08003119   Thumb Code    18  stm32f4xx_tim.o(i.TIM_OC1PreloadConfig)
    TIM_SetCompare1                          0x0800312b   Thumb Code     4  stm32f4xx_tim.o(i.TIM_SetCompare1)
    TIM_TimeBaseInit                         0x08003131   Thumb Code   104  stm32f4xx_tim.o(i.TIM_TimeBaseInit)
    UART4_IRQHandler                         0x080031b5   Thumb Code    70  judge_analysis.o(i.UART4_IRQHandler)
    UART8_Blt566_Config                      0x08003211   Thumb Code   176  uart_blt566.o(i.UART8_Blt566_Config)
    UART8_IRQHandler                         0x080032c9   Thumb Code    20  uart_blt566.o(i.UART8_IRQHandler)
    USART1_IRQHandler                        0x080032e1   Thumb Code   216  remote_control.o(i.USART1_IRQHandler)
    USART4_Judge_Config                      0x080033d1   Thumb Code   322  usart.o(i.USART4_Judge_Config)
    USART_ClearFlag                          0x08003525   Thumb Code    18  stm32f4xx_usart.o(i.USART_ClearFlag)
    USART_Cmd                                0x08003537   Thumb Code    24  stm32f4xx_usart.o(i.USART_Cmd)
    USART_DMACmd                             0x0800354f   Thumb Code    18  stm32f4xx_usart.o(i.USART_DMACmd)
    USART_DeInit                             0x08003561   Thumb Code   206  stm32f4xx_usart.o(i.USART_DeInit)
    USART_GetITStatus                        0x08003651   Thumb Code    84  stm32f4xx_usart.o(i.USART_GetITStatus)
    USART_ITConfig                           0x080036a5   Thumb Code    74  stm32f4xx_usart.o(i.USART_ITConfig)
    USART_Init                               0x080036f1   Thumb Code   204  stm32f4xx_usart.o(i.USART_Init)
    USART_ReceiveData                        0x080037c5   Thumb Code    10  stm32f4xx_usart.o(i.USART_ReceiveData)
    UsageFault_Handler                       0x080037cf   Thumb Code     4  stm32f4xx_it.o(i.UsageFault_Handler)
    UserTask                                 0x080037d5   Thumb Code    72  user_task.o(i.UserTask)
    Verify_CRC16_Check_Sum                   0x08003825   Thumb Code    60  crc_check.o(i.Verify_CRC16_Check_Sum)
    Verify_CRC8_Check_Sum                    0x08003865   Thumb Code    46  crc_check.o(i.Verify_CRC8_Check_Sum)
    __hardfp_fabs                            0x08003893   Thumb Code    20  fabs.o(i.__hardfp_fabs)
    __scatterload_copy                       0x080038a7   Thumb Code    14  handlers.o(i.__scatterload_copy)
    __scatterload_null                       0x080038b5   Thumb Code     2  handlers.o(i.__scatterload_null)
    __scatterload_zeroinit                   0x080038b7   Thumb Code    14  handlers.o(i.__scatterload_zeroinit)
    atkpParsing                              0x080038c5   Thumb Code   130  imu901.o(i.atkpParsing)
    buzzer_init                              0x08003955   Thumb Code   174  buzzer.o(i.buzzer_init)
    buzzer_off                               0x08003a0d   Thumb Code    12  buzzer.o(i.buzzer_off)
    chassis_init                             0x08003a1d   Thumb Code    40  chassis_behaviour_simple.o(i.chassis_init)
    chassis_mode_behaviour                   0x08003a55   Thumb Code  1304  chassis_behaviour_simple.o(i.chassis_mode_behaviour)
    chassis_task_Simple                      0x08003f7d   Thumb Code    98  chassis_task_simple.o(i.chassis_task_Simple)
    delay_init                               0x08003ffd   Thumb Code    90  delay.o(i.delay_init)
    delay_ms                                 0x08004069   Thumb Code    76  delay.o(i.delay_ms)
    first_order_filter_cali                  0x080040b9   Thumb Code    84  user_lib.o(i.first_order_filter_cali)
    first_order_filter_init                  0x0800410d   Thumb Code    32  user_lib.o(i.first_order_filter_init)
    flow_led_off                             0x08004131   Thumb Code    20  led.o(i.flow_led_off)
    get_Fric1_Motor_Measure_Point            0x08004149   Thumb Code     4  can_receive.o(i.get_Fric1_Motor_Measure_Point)
    get_Fric2_Motor_Measure_Point            0x08004151   Thumb Code     4  can_receive.o(i.get_Fric2_Motor_Measure_Point)
    get_Pitch1_Gimbal_Motor_Measure_Point    0x08004159   Thumb Code     4  can_receive.o(i.get_Pitch1_Gimbal_Motor_Measure_Point)
    get_Shell_Motor_Measure_Point            0x08004161   Thumb Code     4  can_receive.o(i.get_Shell_Motor_Measure_Point)
    get_Supercap_Measure_Point               0x08004169   Thumb Code     4  can_receive.o(i.get_Supercap_Measure_Point)
    get_Trigger_Motor_Measure_Point          0x08004171   Thumb Code     4  can_receive.o(i.get_Trigger_Motor_Measure_Point)
    get_User_Motor_Measure_Point             0x08004179   Thumb Code    10  can_receive.o(i.get_User_Motor_Measure_Point)
    get_Yaw_Gimbal_Motor_Measure_Point       0x08004189   Thumb Code     4  can_receive.o(i.get_Yaw_Gimbal_Motor_Measure_Point)
    get_remote_control_point                 0x08004191   Thumb Code     4  remote_control.o(i.get_remote_control_point)
    gimbal_init                              0x08004199   Thumb Code   112  gimbal_behaviour_simple.o(i.gimbal_init)
    gimbal_mode_behaviour                    0x08004245   Thumb Code   526  gimbal_behaviour_simple.o(i.gimbal_mode_behaviour)
    imu901_unpack                            0x08004481   Thumb Code   244  imu901.o(i.imu901_unpack)
    judgeCalculate                           0x08004585   Thumb Code   598  judge_analysis.o(i.judgeCalculate)
    laser_configuration                      0x080047e9   Thumb Code    54  laser.o(i.laser_configuration)
    laser_off                                0x08004825   Thumb Code    14  laser.o(i.laser_off)
    laser_on                                 0x08004839   Thumb Code    14  laser.o(i.laser_on)
    led_configuration                        0x0800484d   Thumb Code    94  led.o(i.led_configuration)
    led_green_off                            0x080048b9   Thumb Code    14  led.o(i.led_green_off)
    led_green_on                             0x080048cd   Thumb Code    14  led.o(i.led_green_on)
    led_red_off                              0x080048e1   Thumb Code    14  led.o(i.led_red_off)
    main                                     0x080048f5   Thumb Code    22  main.o(i.main)
    mpu6500_SPI_NS_H                         0x0800490d   Thumb Code    12  mpu6500driver_middleware.o(i.mpu6500_SPI_NS_H)
    mpu6500_SPI_NS_L                         0x0800491d   Thumb Code    12  mpu6500driver_middleware.o(i.mpu6500_SPI_NS_L)
    power_ctrl_configuration                 0x0800492d   Thumb Code    66  power_ctrl.o(i.power_ctrl_configuration)
    power_ctrl_on                            0x08004975   Thumb Code    26  power_ctrl.o(i.power_ctrl_on)
    pvPortMalloc                             0x080053d9   Thumb Code   296  heap_4.o(i.pvPortMalloc)
    pvTaskIncrementMutexHeldCount            0x08005515   Thumb Code    26  tasks.o(i.pvTaskIncrementMutexHeldCount)
    pxPortInitialiseStack                    0x08005535   Thumb Code    38  port.o(i.pxPortInitialiseStack)
    remote_control_init                      0x08005561   Thumb Code    16  remote_control.o(i.remote_control_init)
    shoot_behaviour                          0x08005575   Thumb Code   104  shoot_task.o(i.shoot_behaviour)
    startTast                                0x080055ed   Thumb Code    24  start_task.o(i.startTast)
    start_task                               0x08005619   Thumb Code   130  start_task.o(i.start_task)
    temperature_ADC_init                     0x08005741   Thumb Code    80  adc.o(i.temperature_ADC_init)
    uxListRemove                             0x08005795   Thumb Code    40  list.o(i.uxListRemove)
    uxTaskGetStackHighWaterMark              0x080057bd   Thumb Code    34  tasks.o(i.uxTaskGetStackHighWaterMark)
    vListInitialise                          0x080057e5   Thumb Code    26  list.o(i.vListInitialise)
    vListInitialiseItem                      0x080057ff   Thumb Code     6  list.o(i.vListInitialiseItem)
    vListInsert                              0x08005805   Thumb Code    52  list.o(i.vListInsert)
    vListInsertEnd                           0x08005839   Thumb Code    24  list.o(i.vListInsertEnd)
    vPortEnterCritical                       0x08005851   Thumb Code    76  port.o(i.vPortEnterCritical)
    vPortExitCritical                        0x080058a5   Thumb Code    56  port.o(i.vPortExitCritical)
    vPortFree                                0x080058e1   Thumb Code   140  heap_4.o(i.vPortFree)
    vPortSetupTimerInterrupt                 0x08005975   Thumb Code     2  freertos_middleware.o(i.vPortSetupTimerInterrupt)
    vPortValidateInterruptPriority           0x08005979   Thumb Code   106  port.o(i.vPortValidateInterruptPriority)
    vQueueAddToRegistry                      0x080059f1   Thumb Code    38  queue.o(i.vQueueAddToRegistry)
    vQueueWaitForMessageRestricted           0x08005a1d   Thumb Code    74  queue.o(i.vQueueWaitForMessageRestricted)
    vTaskDelay                               0x08005a69   Thumb Code    82  tasks.o(i.vTaskDelay)
    vTaskDelete                              0x08005ac5   Thumb Code   202  tasks.o(i.vTaskDelete)
    vTaskMissedYield                         0x08005bb9   Thumb Code     8  tasks.o(i.vTaskMissedYield)
    vTaskNotifyGiveFromISR                   0x08005bc5   Thumb Code   216  tasks.o(i.vTaskNotifyGiveFromISR)
    vTaskPlaceOnEventList                    0x08005cb5   Thumb Code    52  tasks.o(i.vTaskPlaceOnEventList)
    vTaskPlaceOnEventListRestricted          0x08005ced   Thumb Code    60  tasks.o(i.vTaskPlaceOnEventListRestricted)
    vTaskPriorityInherit                     0x08005d2d   Thumb Code   164  tasks.o(i.vTaskPriorityInherit)
    vTaskSetTimeOutState                     0x08005ddd   Thumb Code    38  tasks.o(i.vTaskSetTimeOutState)
    vTaskStartScheduler                      0x08005e0d   Thumb Code   118  tasks.o(i.vTaskStartScheduler)
    vTaskSuspendAll                          0x08005ea1   Thumb Code    12  tasks.o(i.vTaskSuspendAll)
    vTaskSwitchContext                       0x08005eb1   Thumb Code   118  tasks.o(i.vTaskSwitchContext)
    xPortStartScheduler                      0x08005f3d   Thumb Code   288  port.o(i.xPortStartScheduler)
    xPortSysTickHandler                      0x08006079   Thumb Code    46  port.o(i.xPortSysTickHandler)
    xQueueGenericCreate                      0x080060ad   Thumb Code    88  queue.o(i.xQueueGenericCreate)
    xQueueGenericReceive                     0x08006105   Thumb Code   446  queue.o(i.xQueueGenericReceive)
    xQueueGenericReset                       0x080062c9   Thumb Code   146  queue.o(i.xQueueGenericReset)
    xQueueGenericSend                        0x08006361   Thumb Code   452  queue.o(i.xQueueGenericSend)
    xQueueGenericSendFromISR                 0x08006529   Thumb Code   264  queue.o(i.xQueueGenericSendFromISR)
    xTaskCheckForTimeOut                     0x08006631   Thumb Code   132  tasks.o(i.xTaskCheckForTimeOut)
    xTaskCreate                              0x080066bd   Thumb Code    96  tasks.o(i.xTaskCreate)
    xTaskGetSchedulerState                   0x0800671d   Thumb Code    24  tasks.o(i.xTaskGetSchedulerState)
    xTaskGetTickCount                        0x0800673d   Thumb Code     6  tasks.o(i.xTaskGetTickCount)
    xTaskIncrementTick                       0x08006749   Thumb Code   282  tasks.o(i.xTaskIncrementTick)
    xTaskPriorityDisinherit                  0x08006891   Thumb Code   188  tasks.o(i.xTaskPriorityDisinherit)
    xTaskRemoveFromEventList                 0x08006959   Thumb Code   128  tasks.o(i.xTaskRemoveFromEventList)
    xTaskResumeAll                           0x080069f1   Thumb Code   224  tasks.o(i.xTaskResumeAll)
    xTimerCreateTimerTask                    0x08006af5   Thumb Code    64  timers.o(i.xTimerCreateTimerTask)
    xTimerGenericCommand                     0x08006b49   Thumb Code   126  timers.o(i.xTimerGenericCommand)
    CRC8_INIT                                0x08006c58   Data           1  crc_check.o(.constdata)
    CRC8_TAB                                 0x08006c59   Data         256  crc_check.o(.constdata)
    wCRC_Table                               0x08006d5a   Data         512  crc_check.o(.constdata)
    Region$$Table$$Base                      0x08006f5c   Number         0  anon$$obj.o(Region$$Table)
    Region$$Table$$Limit                     0x08006f7c   Number         0  anon$$obj.o(Region$$Table)
    SystemCoreClock                          0x20000000   Data           4  system_stm32f4xx.o(.data)
    AHBPrescTable                            0x20000004   Data          16  system_stm32f4xx.o(.data)
    pxCurrentTCB                             0x20000024   Data           4  tasks.o(.data)
    blt566_receive_buf                       0x200000a0   Data           2  uart_blt566.o(.data)
    temp_buf                                 0x200000a2   Data           1  uart_blt566.o(.data)
    FreeRTOSRunTimeTicks                     0x200000a8   Data           8  freertos_middleware.o(.data)
    JudgeTask_Handler                        0x200000b4   Data           4  start_task.o(.data)
    GIMBALTask_Handler                       0x200000bc   Data           4  start_task.o(.data)
    GIMBALTask_SIMPLE_Handler                0x200000c0   Data           4  start_task.o(.data)
    ChassisTask_Handler                      0x200000c8   Data           4  start_task.o(.data)
    ChassisTask_SIMPLE_Handler               0x200000cc   Data           4  start_task.o(.data)
    INSTaskStack                             0x200000e0   Data           4  ins_task.o(.data)
    UserTaskStack                            0x2000015c   Data           4  user_task.o(.data)
    USER_RC                                  0x20000160   Data           4  user_task.o(.data)
    Servo_task_stack                         0x20000168   Data           4  servo_task.o(.data)
    rc_key_time                              0x2000016c   Data           2  servo_task.o(.data)
    current_reel                             0x2000016e   Data           2  servo_task.o(.data)
    current_shell_remain                     0x20000170   Data           2  servo_task.o(.data)
    current_shell                            0x20000172   Data           2  servo_task.o(.data)
    t                                        0x20000174   Data           2  servo_task.o(.data)
    n                                        0x20000176   Data           2  servo_task.o(.data)
    flag                                     0x20000178   Data           1  servo_task.o(.data)
    angle_shell                              0x2000017c   Data           4  servo_task.o(.data)
    angle_shell_out                          0x20000180   Data           4  servo_task.o(.data)
    angle_shell_init                         0x20000184   Data           4  servo_task.o(.data)
    SUPPLY_RC                                0x20000188   Data           4  servo_task.o(.data)
    supply_flag                              0x2000018c   Data           4  servo_task.o(.data)
    moto_shell                               0x20000190   Data           4  servo_task.o(.data)
    time_back                                0x20000194   Data           2  servo_task.o(.data)
    gimbal_task_simple_stack                 0x2000019c   Data           4  gimbal_task_simple.o(.data)
    angle_pitch1                             0x200001a4   Data           4  gimbal_behaviour_simple.o(.data)
    angle_pitch1_remain                      0x200001a8   Data           4  gimbal_behaviour_simple.o(.data)
    angle_pitch2                             0x200001ac   Data           4  gimbal_behaviour_simple.o(.data)
    angle_pitch2_remain                      0x200001b0   Data           4  gimbal_behaviour_simple.o(.data)
    angle_yaw                                0x200001b4   Data           4  gimbal_behaviour_simple.o(.data)
    angle_yaw_auto                           0x200001b8   Data           4  gimbal_behaviour_simple.o(.data)
    angle_yaw_remain                         0x200001bc   Data           4  gimbal_behaviour_simple.o(.data)
    angle_yaw_init                           0x200001c0   Data           4  gimbal_behaviour_simple.o(.data)
    PITCH1_OUT                               0x200001c4   Data           4  gimbal_behaviour_simple.o(.data)
    PITCH2_OUT                               0x200001c8   Data           4  gimbal_behaviour_simple.o(.data)
    YAW_OUT                                  0x200001cc   Data           4  gimbal_behaviour_simple.o(.data)
    YAW_AUTO_OUT                             0x200001d0   Data           4  gimbal_behaviour_simple.o(.data)
    moto_pitch1                              0x200001d4   Data           4  gimbal_behaviour_simple.o(.data)
    moto_pitch2                              0x200001d8   Data           4  gimbal_behaviour_simple.o(.data)
    moto_yaw                                 0x200001dc   Data           4  gimbal_behaviour_simple.o(.data)
    GIMBAL_RC                                0x200001e0   Data           4  gimbal_behaviour_simple.o(.data)
    LAST_GIMBAL_RC                           0x200001e4   Data           4  gimbal_behaviour_simple.o(.data)
    current_pitch1                           0x200001e8   Data           2  gimbal_behaviour_simple.o(.data)
    current_pitch2                           0x200001ea   Data           2  gimbal_behaviour_simple.o(.data)
    current_yaw                              0x200001ec   Data           2  gimbal_behaviour_simple.o(.data)
    Check_Time                               0x200001ee   Data           2  gimbal_behaviour_simple.o(.data)
    YAW_AUTO_Zero                            0x200001f0   Data           4  gimbal_behaviour_simple.o(.data)
    MODE                                     0x200001f4   Data           1  gimbal_behaviour_simple.o(.data)
    LAST_MODE                                0x200001f5   Data           1  gimbal_behaviour_simple.o(.data)
    LAST_MODE_TEMP                           0x200001f6   Data           1  gimbal_behaviour_simple.o(.data)
    CHECK_MODE                               0x200001f7   Data           1  gimbal_behaviour_simple.o(.data)
    LAST_CHECK_MODE                          0x200001f8   Data           1  gimbal_behaviour_simple.o(.data)
    LAST_CHECK_MODE_TEMP                     0x200001f9   Data           1  gimbal_behaviour_simple.o(.data)
    Shoot_task_stack                         0x20000200   Data           4  shoot_task.o(.data)
    Fric_Speed                               0x20000204   Data           8  shoot_task.o(.data)
    moto_fric1                               0x2000020c   Data           4  shoot_task.o(.data)
    moto_fric2                               0x20000210   Data           4  shoot_task.o(.data)
    Fric_Current                             0x20000214   Data           4  shoot_task.o(.data)
    rc_key_fric_time                         0x20000218   Data           2  shoot_task.o(.data)
    rc_key_shoot_time                        0x2000021a   Data           2  shoot_task.o(.data)
    SHOOT_RC                                 0x2000021c   Data           4  shoot_task.o(.data)
    fric_flag                                0x20000220   Data           4  shoot_task.o(.data)
    shoot_flag                               0x20000224   Data           4  shoot_task.o(.data)
    return_flag                              0x20000228   Data           4  shoot_task.o(.data)
    speed_shoot                              0x2000022c   Data           4  shoot_task.o(.data)
    angle_shoot                              0x20000230   Data           4  shoot_task.o(.data)
    angle_shoot_remain                       0x20000234   Data           4  shoot_task.o(.data)
    current_shoot                            0x20000238   Data           2  shoot_task.o(.data)
    moto_trigger                             0x2000023c   Data           4  shoot_task.o(.data)
    speed_x                                  0x20000242   Data           2  chassis_behaviour_simple.o(.data)
    speed_y                                  0x20000244   Data           2  chassis_behaviour_simple.o(.data)
    speed_turn                               0x20000246   Data           2  chassis_behaviour_simple.o(.data)
    SPEED_KEY                                0x20000248   Data           2  chassis_behaviour_simple.o(.data)
    SPEED_Y_MAX                              0x2000024a   Data           2  chassis_behaviour_simple.o(.data)
    SPEED_X_MAX                              0x2000024c   Data           2  chassis_behaviour_simple.o(.data)
    TURN_MAX                                 0x2000024e   Data           2  chassis_behaviour_simple.o(.data)
    current                                  0x20000250   Data           8  chassis_behaviour_simple.o(.data)
    current_temp                             0x20000258   Data           8  chassis_behaviour_simple.o(.data)
    CHASSIS_RC                               0x20000260   Data           4  chassis_behaviour_simple.o(.data)
    CHASSIS_INS_YAW                          0x20000264   Data           4  chassis_behaviour_simple.o(.data)
    cap                                      0x20000268   Data           4  chassis_behaviour_simple.o(.data)
    MODE_CHASSIS                             0x2000026c   Data           1  chassis_behaviour_simple.o(.data)
    JudgeUARTtemp                            0x2000026e   Data           1  judge_analysis.o(.data)
    Frame                                    0x2000026f   Data          20  judge_analysis.o(.data)
    client_custom_Send                       0x20000283   Data          28  judge_analysis.o(.data)
    robot_custom_Send                        0x2000029f   Data          28  judge_analysis.o(.data)
    CRC_INIT                                 0x200002c0   Data           2  crc_check.o(.data)
    iostatus                                 0x200002c2   Data           8  imu901.o(.data)
    imu901Param                              0x200002ca   Data           4  imu901.o(.data)
    xQueueRegistry                           0x200002d4   Data          64  queue.o(.bss)
    imu_feedback                             0x20020620   Data          36  user_task.o(.bss)
    cap_feedback                             0x20020644   Data          16  user_task.o(.bss)
    rc_ctrl                                  0x20020654   Data          22  remote_control.o(.bss)
    motor_yaw                                0x200206b4   Data          32  can_receive.o(.bss)
    motor_pit1                               0x200206d4   Data          32  can_receive.o(.bss)
    motor_pit2                               0x200206f4   Data          32  can_receive.o(.bss)
    motor_trigger                            0x20020714   Data          32  can_receive.o(.bss)
    motor_reel                               0x20020734   Data          32  can_receive.o(.bss)
    motor_shell                              0x20020754   Data          32  can_receive.o(.bss)
    motor_user                               0x20020774   Data         128  can_receive.o(.bss)
    motor_chassis                            0x200207f4   Data         128  can_receive.o(.bss)
    motor_fric1                              0x20020874   Data          32  can_receive.o(.bss)
    motor_fric2                              0x20020894   Data          32  can_receive.o(.bss)
    supercap                                 0x200208b4   Data          16  can_receive.o(.bss)
    rx1_message                              0x200208d8   Data          20  can_receive.o(.bss)
    rx2_message                              0x200208ec   Data          20  can_receive.o(.bss)
    pid_reel_speed                           0x20020ad4   Data          72  servo_task.o(.bss)
    pid_shell_speed                          0x20020b1c   Data          72  servo_task.o(.bss)
    pid_shell_angle                          0x20020b64   Data          72  servo_task.o(.bss)
    pid_pitch_speed                          0x20020bac   Data          72  gimbal_behaviour_simple.o(.bss)
    pid_yaw_speed                            0x20020bf4   Data          72  gimbal_behaviour_simple.o(.bss)
    pid_pitch_angle                          0x20020c3c   Data          72  gimbal_behaviour_simple.o(.bss)
    pid_yaw_angle                            0x20020c84   Data          72  gimbal_behaviour_simple.o(.bss)
    pid_yaw_follow_speed                     0x20020ccc   Data          72  gimbal_behaviour_simple.o(.bss)
    pid_yaw_follow_angle                     0x20020d14   Data          72  gimbal_behaviour_simple.o(.bss)
    pid_fric_spd                             0x20020d5c   Data         144  shoot_task.o(.bss)
    pid_shoot_speed                          0x20020dec   Data          72  shoot_task.o(.bss)
    chassis_cmd_slow_set_vx                  0x20020e34   Data          16  chassis_task_simple.o(.bss)
    chassis_cmd_slow_set_vy                  0x20020e44   Data          16  chassis_task_simple.o(.bss)
    moto_chassis                             0x20020e54   Data          16  chassis_behaviour_simple.o(.bss)
    speed                                    0x20020e64   Data          16  chassis_behaviour_simple.o(.bss)
    pid_wheel_spd                            0x20020e74   Data         288  chassis_behaviour_simple.o(.bss)
    JudgeDataBuffer                          0x20020f94   Data         255  judge_analysis.o(.bss)
    SelfDefineInfo                           0x20021093   Data          13  judge_analysis.o(.bss)
    JudgementData                            0x200210a0   Data         196  judge_analysis.o(.bss)
    tx_buf                                   0x20021164   Data         200  judge_analysis.o(.bss)
    attitude                                 0x2002122c   Data          12  imu901.o(.bss)
    quaternion                               0x20021238   Data          16  imu901.o(.bss)
    gyroAccData                              0x20021248   Data          36  imu901.o(.bss)
    magData                                  0x2002126c   Data          12  imu901.o(.bss)
    baroData                                 0x20021278   Data          12  imu901.o(.bss)
    rxPacket                                 0x20021284   Data          33  imu901.o(.bss)
    Vofa                                     0x200212a5   Data          40  vofa.o(.bss)
    __initial_sp                             0x200216d0   Data           0  startup_stm32f427xx.o(STACK)



==============================================================================

Memory Map of the image

  Image Entry point : 0x080001ad

  Load Region LR_IROM1 (Base: 0x08000000, Size: 0x00007250, Max: 0x00200000, ABSOLUTE, COMPRESSED[0x00006fd0])

    Execution Region ER_IROM1 (Exec base: 0x08000000, Load base: 0x08000000, Size: 0x00006f7c, Max: 0x00200000, ABSOLUTE)

    Exec Addr    Load Addr    Size         Type   Attr      Idx    E Section Name        Object

    0x08000000   0x08000000   0x000001ac   Data   RO            3    RESET               startup_stm32f427xx.o
    0x080001ac   0x080001ac   0x00000000   Code   RO         9257  * .ARM.Collect$$$$00000000  mc_w.l(entry.o)
    0x080001ac   0x080001ac   0x00000004   Code   RO         9578    .ARM.Collect$$$$00000001  mc_w.l(entry2.o)
    0x080001b0   0x080001b0   0x00000004   Code   RO         9581    .ARM.Collect$$$$00000004  mc_w.l(entry5.o)
    0x080001b4   0x080001b4   0x00000000   Code   RO         9583    .ARM.Collect$$$$00000008  mc_w.l(entry7b.o)
    0x080001b4   0x080001b4   0x00000000   Code   RO         9585    .ARM.Collect$$$$0000000A  mc_w.l(entry8b.o)
    0x080001b4   0x080001b4   0x00000008   Code   RO         9586    .ARM.Collect$$$$0000000B  mc_w.l(entry9a.o)
    0x080001bc   0x080001bc   0x00000000   Code   RO         9588    .ARM.Collect$$$$0000000D  mc_w.l(entry10a.o)
    0x080001bc   0x080001bc   0x00000000   Code   RO         9590    .ARM.Collect$$$$0000000F  mc_w.l(entry11a.o)
    0x080001bc   0x080001bc   0x00000004   Code   RO         9579    .ARM.Collect$$$$00002712  mc_w.l(entry2.o)
    0x080001c0   0x080001c0   0x000000b6   Code   RO         6325    .emb_text           port.o
    0x08000276   0x08000276   0x00000002   PAD
    0x08000278   0x08000278   0x00000034   Code   RO            4    .text               startup_stm32f427xx.o
    0x080002ac   0x080002ac   0x00000024   Code   RO         9260    .text               mc_w.l(memcpya.o)
    0x080002d0   0x080002d0   0x00000024   Code   RO         9262    .text               mc_w.l(memseta.o)
    0x080002f4   0x080002f4   0x00000022   Code   RO         9535    .text               mf_w.l(dflti.o)
    0x08000316   0x08000316   0x00000002   PAD
    0x08000318   0x08000318   0x00000030   Code   RO         9545    .text               mf_w.l(cdrcmple.o)
    0x08000348   0x08000348   0x00000020   Code   RO         9599    .text               mc_w.l(llushr.o)
    0x08000368   0x08000368   0x00000000   Code   RO         9608    .text               mc_w.l(iusefp.o)
    0x08000368   0x08000368   0x000000ba   Code   RO         9609    .text               mf_w.l(depilogue.o)
    0x08000422   0x08000422   0x00000002   PAD
    0x08000424   0x08000424   0x00000024   Code   RO         9615    .text               mc_w.l(init.o)
    0x08000448   0x08000448   0x0000001e   Code   RO         9618    .text               mc_w.l(llshl.o)
    0x08000466   0x08000466   0x00000056   Code   RO         9635    .text               mc_w.l(__dczerorl2.o)
    0x080004bc   0x080004bc   0x00000016   Code   RO          355    i.ADC_Cmd           stm32f4xx_adc.o
    0x080004d2   0x080004d2   0x00000002   PAD
    0x080004d4   0x080004d4   0x00000030   Code   RO          356    i.ADC_CommonInit    stm32f4xx_adc.o
    0x08000504   0x08000504   0x00000054   Code   RO          375    i.ADC_Init          stm32f4xx_adc.o
    0x08000558   0x08000558   0x000000b8   Code   RO          380    i.ADC_RegularChannelConfig  stm32f4xx_adc.o
    0x08000610   0x08000610   0x0000002c   Code   RO          385    i.ADC_TempSensorVrefintCmd  stm32f4xx_adc.o
    0x0800063c   0x0800063c   0x00000080   Code   RO         6871    i.BSP_init          main.o
    0x080006bc   0x080006bc   0x00000034   Code   RO         7623    i.Blt566_Data_handle  uart_blt566.o
    0x080006f0   0x080006f0   0x00000004   Code   RO           13    i.BusFault_Handler  stm32f4xx_it.o
    0x080006f4   0x080006f4   0x00000030   Code   RO         8138    i.CAN1_RX0_IRQHandler  can_receive.o
    0x08000724   0x08000724   0x00000300   Code   RO         8139    i.CAN1_hook         can_receive.o
    0x08000a24   0x08000a24   0x00000110   Code   RO         7436    i.CAN1_mode_init    can.o
    0x08000b34   0x08000b34   0x00000030   Code   RO         8140    i.CAN2_RX1_IRQHandler  can_receive.o
    0x08000b64   0x08000b64   0x00000188   Code   RO         8141    i.CAN2_hook         can_receive.o
    0x08000cec   0x08000cec   0x00000114   Code   RO         7437    i.CAN2_mode_init    can.o
    0x08000e00   0x08000e00   0x00000064   Code   RO         8142    i.CAN_CMD_2006      can_receive.o
    0x08000e64   0x08000e64   0x00000038   Code   RO         8143    i.CAN_CMD_CAP       can_receive.o
    0x08000e9c   0x08000e9c   0x00000064   Code   RO         8144    i.CAN_CMD_CHASSIS   can_receive.o
    0x08000f00   0x08000f00   0x0000004c   Code   RO         8146    i.CAN_CMD_GIMBAL    can_receive.o
    0x08000f4c   0x08000f4c   0x00000064   Code   RO         8147    i.CAN_CMD_SHOOT     can_receive.o
    0x08000fb0   0x08000fb0   0x000000a8   Code   RO          597    i.CAN_ClearITPendingBit  stm32f4xx_can.o
    0x08001058   0x08001058   0x00000108   Code   RO          601    i.CAN_FilterInit    stm32f4xx_can.o
    0x08001160   0x08001160   0x00000194   Code   RO         8403    i.CAN_GIMBAL_AUTO   gimbal_behaviour_simple.o
    0x080012f4   0x080012f4   0x0000018c   Code   RO         8404    i.CAN_GIMBAL_RC     gimbal_behaviour_simple.o
    0x08001480   0x08001480   0x00000120   Code   RO          603    i.CAN_GetITStatus   stm32f4xx_can.o
    0x080015a0   0x080015a0   0x00000012   Code   RO          607    i.CAN_ITConfig      stm32f4xx_can.o
    0x080015b2   0x080015b2   0x00000114   Code   RO          608    i.CAN_Init          stm32f4xx_can.o
    0x080016c6   0x080016c6   0x000000f0   Code   RO          611    i.CAN_Receive       stm32f4xx_can.o
    0x080017b6   0x080017b6   0x00000126   Code   RO          616    i.CAN_Transmit      stm32f4xx_can.o
    0x080018dc   0x080018dc   0x00000012   Code   RO          619    i.CheckITStatus     stm32f4xx_can.o
    0x080018ee   0x080018ee   0x00000002   PAD
    0x080018f0   0x080018f0   0x00000034   Code   RO         7671    i.DMA1_Stream1_IRQHandler  uart_vofa.o
    0x08001924   0x08001924   0x00000058   Code   RO         7891    i.DMA2_Stream5_IRQHandler  ins_task.o
    0x0800197c   0x0800197c   0x00000034   Code   RO         1374    i.DMA_ClearFlag     stm32f4xx_dma.o
    0x080019b0   0x080019b0   0x00000034   Code   RO         1375    i.DMA_ClearITPendingBit  stm32f4xx_dma.o
    0x080019e4   0x080019e4   0x00000016   Code   RO         1376    i.DMA_Cmd           stm32f4xx_dma.o
    0x080019fa   0x080019fa   0x00000002   PAD
    0x080019fc   0x080019fc   0x00000158   Code   RO         1377    i.DMA_DeInit        stm32f4xx_dma.o
    0x08001b54   0x08001b54   0x00000016   Code   RO         1378    i.DMA_DoubleBufferModeCmd  stm32f4xx_dma.o
    0x08001b6a   0x08001b6a   0x00000018   Code   RO         1379    i.DMA_DoubleBufferModeConfig  stm32f4xx_dma.o
    0x08001b82   0x08001b82   0x00000014   Code   RO         1381    i.DMA_GetCmdStatus  stm32f4xx_dma.o
    0x08001b96   0x08001b96   0x00000008   Code   RO         1382    i.DMA_GetCurrDataCounter  stm32f4xx_dma.o
    0x08001b9e   0x08001b9e   0x00000014   Code   RO         1383    i.DMA_GetCurrentMemoryTarget  stm32f4xx_dma.o
    0x08001bb2   0x08001bb2   0x00000002   PAD
    0x08001bb4   0x08001bb4   0x00000044   Code   RO         1385    i.DMA_GetFlagStatus  stm32f4xx_dma.o
    0x08001bf8   0x08001bf8   0x0000003a   Code   RO         1387    i.DMA_ITConfig      stm32f4xx_dma.o
    0x08001c32   0x08001c32   0x00000002   PAD
    0x08001c34   0x08001c34   0x00000058   Code   RO         1388    i.DMA_Init          stm32f4xx_dma.o
    0x08001c8c   0x08001c8c   0x00000004   Code   RO         1391    i.DMA_SetCurrDataCounter  stm32f4xx_dma.o
    0x08001c90   0x08001c90   0x00000002   Code   RO           14    i.DebugMon_Handler  stm32f4xx_it.o
    0x08001c92   0x08001c92   0x00000002   PAD
    0x08001c94   0x08001c94   0x00000124   Code   RO         8286    i.DetectHook        detect_task.o
    0x08001db8   0x08001db8   0x00000020   Code   RO         7892    i.EXTI9_5_IRQHandler  ins_task.o
    0x08001dd8   0x08001dd8   0x0000000c   Code   RO         1660    i.EXTI_ClearITPendingBit  stm32f4xx_exti.o
    0x08001de4   0x08001de4   0x00000018   Code   RO         1664    i.EXTI_GetITStatus  stm32f4xx_exti.o
    0x08001dfc   0x08001dfc   0x0000008c   Code   RO         8372    i.GIMBAL_task_Simple  gimbal_task_simple.o
    0x08001e88   0x08001e88   0x00000090   Code   RO         2221    i.GPIO_Init         stm32f4xx_gpio.o
    0x08001f18   0x08001f18   0x00000046   Code   RO         2222    i.GPIO_PinAFConfig  stm32f4xx_gpio.o
    0x08001f5e   0x08001f5e   0x00000004   Code   RO         2228    i.GPIO_ResetBits    stm32f4xx_gpio.o
    0x08001f62   0x08001f62   0x00000004   Code   RO         2229    i.GPIO_SetBits      stm32f4xx_gpio.o
    0x08001f66   0x08001f66   0x00000002   PAD
    0x08001f68   0x08001f68   0x00000034   Code   RO         8645    i.Get_CRC16_Check_Sum  crc_check.o
    0x08001f9c   0x08001f9c   0x00000024   Code   RO         8646    i.Get_CRC8_Check_Sum  crc_check.o
    0x08001fc0   0x08001fc0   0x00000004   Code   RO           15    i.HardFault_Handler  stm32f4xx_it.o
    0x08001fc4   0x08001fc4   0x000000f4   Code   RO         7999    i.Imu_feed_back     user_task.o
    0x080020b8   0x080020b8   0x000000a8   Code   RO         7674    i.Init_Dma_Tx_Config  uart_vofa.o
    0x08002160   0x08002160   0x000000b8   Code   RO         7675    i.Init_Uart7        uart_vofa.o
    0x08002218   0x08002218   0x00000004   Code   RO           16    i.MemManage_Handler  stm32f4xx_it.o
    0x0800221c   0x0800221c   0x00000002   Code   RO           17    i.NMI_Handler       stm32f4xx_it.o
    0x0800221e   0x0800221e   0x00000002   PAD
    0x08002220   0x08002220   0x00000078   Code   RO          301    i.NVIC_Init         misc.o
    0x08002298   0x08002298   0x00000014   Code   RO          302    i.NVIC_PriorityGroupConfig  misc.o
    0x080022ac   0x080022ac   0x000001f0   Code   RO         8037    i.PID_Calc          pid.o
    0x0800249c   0x0800249c   0x00000060   Code   RO         8038    i.PID_Init          pid.o
    0x080024fc   0x080024fc   0x00000020   Code   RO         3159    i.RCC_AHB1PeriphClockCmd  stm32f4xx_rcc.o
    0x0800251c   0x0800251c   0x00000020   Code   RO         3168    i.RCC_APB1PeriphClockCmd  stm32f4xx_rcc.o
    0x0800253c   0x0800253c   0x00000020   Code   RO         3170    i.RCC_APB1PeriphResetCmd  stm32f4xx_rcc.o
    0x0800255c   0x0800255c   0x00000020   Code   RO         3171    i.RCC_APB2PeriphClockCmd  stm32f4xx_rcc.o
    0x0800257c   0x0800257c   0x00000020   Code   RO         3173    i.RCC_APB2PeriphResetCmd  stm32f4xx_rcc.o
    0x0800259c   0x0800259c   0x000000e8   Code   RO         3180    i.RCC_GetClocksFreq  stm32f4xx_rcc.o
    0x08002684   0x08002684   0x0000014c   Code   RO         7397    i.RC_Init           rc.o
    0x080027d0   0x080027d0   0x000000da   Code   RO         8069    i.SBUS_TO_RC        remote_control.o
    0x080028aa   0x080028aa   0x00000002   PAD
    0x080028ac   0x080028ac   0x00000074   Code   RO         7273    i.SPI5_DMA_Enable   spi.o
    0x08002920   0x08002920   0x00000214   Code   RO         8333    i.ServoTask         servo_task.o
    0x08002b34   0x08002b34   0x00000120   Code   RO          184    i.SetSysClock       system_stm32f4xx.o
    0x08002c54   0x08002c54   0x00000320   Code   RO         8460    i.ShootTask         shoot_task.o
    0x08002f74   0x08002f74   0x00000028   Code   RO          305    i.SysTick_CLKSourceConfig  misc.o
    0x08002f9c   0x08002f9c   0x00000010   Code   RO         7727    i.SysTick_Handler   freertos_middleware.o
    0x08002fac   0x08002fac   0x00000068   Code   RO          186    i.SystemInit        system_stm32f4xx.o
    0x08003014   0x08003014   0x00000030   Code   RO         7728    i.TIM3_IRQHandler   freertos_middleware.o
    0x08003044   0x08003044   0x00000018   Code   RO         4546    i.TIM_ARRPreloadConfig  stm32f4xx_tim.o
    0x0800305c   0x0800305c   0x00000006   Code   RO         4552    i.TIM_ClearFlag     stm32f4xx_tim.o
    0x08003062   0x08003062   0x00000018   Code   RO         4558    i.TIM_Cmd           stm32f4xx_tim.o
    0x0800307a   0x0800307a   0x00000022   Code   RO         4579    i.TIM_GetITStatus   stm32f4xx_tim.o
    0x0800309c   0x0800309c   0x0000007c   Code   RO         4587    i.TIM_OC1Init       stm32f4xx_tim.o
    0x08003118   0x08003118   0x00000012   Code   RO         4590    i.TIM_OC1PreloadConfig  stm32f4xx_tim.o
    0x0800312a   0x0800312a   0x00000004   Code   RO         4620    i.TIM_SetCompare1   stm32f4xx_tim.o
    0x0800312e   0x0800312e   0x00000002   PAD
    0x08003130   0x08003130   0x00000084   Code   RO         4630    i.TIM_TimeBaseInit  stm32f4xx_tim.o
    0x080031b4   0x080031b4   0x0000005c   Code   RO         8574    i.UART4_IRQHandler  judge_analysis.o
    0x08003210   0x08003210   0x000000b8   Code   RO         7624    i.UART8_Blt566_Config  uart_blt566.o
    0x080032c8   0x080032c8   0x00000018   Code   RO         7625    i.UART8_IRQHandler  uart_blt566.o
    0x080032e0   0x080032e0   0x000000f0   Code   RO         8070    i.USART1_IRQHandler  remote_control.o
    0x080033d0   0x080033d0   0x00000154   Code   RO         7553    i.USART4_Judge_Config  usart.o
    0x08003524   0x08003524   0x00000012   Code   RO         5108    i.USART_ClearFlag   stm32f4xx_usart.o
    0x08003536   0x08003536   0x00000018   Code   RO         5112    i.USART_Cmd         stm32f4xx_usart.o
    0x0800354e   0x0800354e   0x00000012   Code   RO         5113    i.USART_DMACmd      stm32f4xx_usart.o
    0x08003560   0x08003560   0x000000f0   Code   RO         5114    i.USART_DeInit      stm32f4xx_usart.o
    0x08003650   0x08003650   0x00000054   Code   RO         5116    i.USART_GetITStatus  stm32f4xx_usart.o
    0x080036a4   0x080036a4   0x0000004a   Code   RO         5118    i.USART_ITConfig    stm32f4xx_usart.o
    0x080036ee   0x080036ee   0x00000002   PAD
    0x080036f0   0x080036f0   0x000000d4   Code   RO         5119    i.USART_Init        stm32f4xx_usart.o
    0x080037c4   0x080037c4   0x0000000a   Code   RO         5126    i.USART_ReceiveData  stm32f4xx_usart.o
    0x080037ce   0x080037ce   0x00000004   Code   RO           18    i.UsageFault_Handler  stm32f4xx_it.o
    0x080037d2   0x080037d2   0x00000002   PAD
    0x080037d4   0x080037d4   0x00000050   Code   RO         8000    i.UserTask          user_task.o
    0x08003824   0x08003824   0x00000040   Code   RO         8647    i.Verify_CRC16_Check_Sum  crc_check.o
    0x08003864   0x08003864   0x0000002e   Code   RO         8648    i.Verify_CRC8_Check_Sum  crc_check.o
    0x08003892   0x08003892   0x00000014   Code   RO         9239    i.__hardfp_fabs     m_wm.l(fabs.o)
    0x080038a6   0x080038a6   0x0000000e   Code   RO         9629    i.__scatterload_copy  mc_w.l(handlers.o)
    0x080038b4   0x080038b4   0x00000002   Code   RO         9630    i.__scatterload_null  mc_w.l(handlers.o)
    0x080038b6   0x080038b6   0x0000000e   Code   RO         9631    i.__scatterload_zeroinit  mc_w.l(handlers.o)
    0x080038c4   0x080038c4   0x00000090   Code   RO         8698    i.atkpParsing       imu901.o
    0x08003954   0x08003954   0x000000b8   Code   RO         7358    i.buzzer_init       buzzer.o
    0x08003a0c   0x08003a0c   0x00000010   Code   RO         7359    i.buzzer_off        buzzer.o
    0x08003a1c   0x08003a1c   0x00000038   Code   RO         8531    i.chassis_init      chassis_behaviour_simple.o
    0x08003a54   0x08003a54   0x00000528   Code   RO         8532    i.chassis_mode_behaviour  chassis_behaviour_simple.o
    0x08003f7c   0x08003f7c   0x00000080   Code   RO         8498    i.chassis_task_Simple  chassis_task_simple.o
    0x08003ffc   0x08003ffc   0x0000006c   Code   RO         7160    i.delay_init        delay.o
    0x08004068   0x08004068   0x00000050   Code   RO         7161    i.delay_ms          delay.o
    0x080040b8   0x080040b8   0x00000054   Code   RO         6770    i.first_order_filter_cali  user_lib.o
    0x0800410c   0x0800410c   0x00000024   Code   RO         6771    i.first_order_filter_init  user_lib.o
    0x08004130   0x08004130   0x00000018   Code   RO         7079    i.flow_led_off      led.o
    0x08004148   0x08004148   0x00000008   Code   RO         8149    i.get_Fric1_Motor_Measure_Point  can_receive.o
    0x08004150   0x08004150   0x00000008   Code   RO         8150    i.get_Fric2_Motor_Measure_Point  can_receive.o
    0x08004158   0x08004158   0x00000008   Code   RO         8151    i.get_Pitch1_Gimbal_Motor_Measure_Point  can_receive.o
    0x08004160   0x08004160   0x00000008   Code   RO         8154    i.get_Shell_Motor_Measure_Point  can_receive.o
    0x08004168   0x08004168   0x00000008   Code   RO         8155    i.get_Supercap_Measure_Point  can_receive.o
    0x08004170   0x08004170   0x00000008   Code   RO         8156    i.get_Trigger_Motor_Measure_Point  can_receive.o
    0x08004178   0x08004178   0x00000010   Code   RO         8157    i.get_User_Motor_Measure_Point  can_receive.o
    0x08004188   0x08004188   0x00000008   Code   RO         8158    i.get_Yaw_Gimbal_Motor_Measure_Point  can_receive.o
    0x08004190   0x08004190   0x00000008   Code   RO         8071    i.get_remote_control_point  remote_control.o
    0x08004198   0x08004198   0x000000ac   Code   RO         8405    i.gimbal_init       gimbal_behaviour_simple.o
    0x08004244   0x08004244   0x0000023c   Code   RO         8406    i.gimbal_mode_behaviour  gimbal_behaviour_simple.o
    0x08004480   0x08004480   0x00000104   Code   RO         8699    i.imu901_unpack     imu901.o
    0x08004584   0x08004584   0x00000264   Code   RO         8578    i.judgeCalculate    judge_analysis.o
    0x080047e8   0x080047e8   0x0000003c   Code   RO         7514    i.laser_configuration  laser.o
    0x08004824   0x08004824   0x00000014   Code   RO         7515    i.laser_off         laser.o
    0x08004838   0x08004838   0x00000014   Code   RO         7516    i.laser_on          laser.o
    0x0800484c   0x0800484c   0x0000006c   Code   RO         7082    i.led_configuration  led.o
    0x080048b8   0x080048b8   0x00000014   Code   RO         7083    i.led_green_off     led.o
    0x080048cc   0x080048cc   0x00000014   Code   RO         7084    i.led_green_on      led.o
    0x080048e0   0x080048e0   0x00000014   Code   RO         7086    i.led_red_off       led.o
    0x080048f4   0x080048f4   0x00000016   Code   RO         6872    i.main              main.o
    0x0800490a   0x0800490a   0x00000002   PAD
    0x0800490c   0x0800490c   0x00000010   Code   RO         6684    i.mpu6500_SPI_NS_H  mpu6500driver_middleware.o
    0x0800491c   0x0800491c   0x00000010   Code   RO         6685    i.mpu6500_SPI_NS_L  mpu6500driver_middleware.o
    0x0800492c   0x0800492c   0x00000048   Code   RO         7469    i.power_ctrl_configuration  power_ctrl.o
    0x08004974   0x08004974   0x00000020   Code   RO         7471    i.power_ctrl_on     power_ctrl.o
    0x08004994   0x08004994   0x00000098   Code   RO         5777    i.prvAddCurrentTaskToDelayedList  tasks.o
    0x08004a2c   0x08004a2c   0x000000b8   Code   RO         5778    i.prvAddNewTaskToReadyList  tasks.o
    0x08004ae4   0x08004ae4   0x00000064   Code   RO         6146    i.prvCheckForValidListAndQueue  timers.o
    0x08004b48   0x08004b48   0x00000064   Code   RO         5779    i.prvCheckTasksWaitingTermination  tasks.o
    0x08004bac   0x08004bac   0x0000002a   Code   RO         5541    i.prvCopyDataFromQueue  queue.o
    0x08004bd6   0x08004bd6   0x0000007c   Code   RO         5542    i.prvCopyDataToQueue  queue.o
    0x08004c52   0x08004c52   0x00000012   Code   RO         5780    i.prvDeleteTCB      tasks.o
    0x08004c64   0x08004c64   0x00000028   Code   RO         6147    i.prvGetNextExpireTime  timers.o
    0x08004c8c   0x08004c8c   0x0000007c   Code   RO         6276    i.prvHeapInit       heap_4.o
    0x08004d08   0x08004d08   0x00000028   Code   RO         5781    i.prvIdleTask       tasks.o
    0x08004d30   0x08004d30   0x0000002e   Code   RO         5544    i.prvInitialiseNewQueue  queue.o
    0x08004d5e   0x08004d5e   0x000000b4   Code   RO         5782    i.prvInitialiseNewTask  tasks.o
    0x08004e12   0x08004e12   0x00000002   PAD
    0x08004e14   0x08004e14   0x00000068   Code   RO         5783    i.prvInitialiseTaskLists  tasks.o
    0x08004e7c   0x08004e7c   0x00000068   Code   RO         6277    i.prvInsertBlockIntoFreeList  heap_4.o
    0x08004ee4   0x08004ee4   0x00000058   Code   RO         6149    i.prvInsertTimerInActiveList  timers.o
    0x08004f3c   0x08004f3c   0x0000001a   Code   RO         5545    i.prvIsQueueEmpty   queue.o
    0x08004f56   0x08004f56   0x0000001e   Code   RO         5546    i.prvIsQueueFull    queue.o
    0x08004f74   0x08004f74   0x00000090   Code   RO         5547    i.prvNotifyQueueSetContainer  queue.o
    0x08005004   0x08005004   0x00000064   Code   RO         6150    i.prvProcessExpiredTimer  timers.o
    0x08005068   0x08005068   0x000000f8   Code   RO         6151    i.prvProcessReceivedCommands  timers.o
    0x08005160   0x08005160   0x00000074   Code   RO         6152    i.prvProcessTimerOrBlockTask  timers.o
    0x080051d4   0x080051d4   0x00000034   Code   RO         5785    i.prvResetNextTaskUnblockTime  tasks.o
    0x08005208   0x08005208   0x0000002c   Code   RO         6153    i.prvSampleTimeNow  timers.o
    0x08005234   0x08005234   0x000000a0   Code   RO         6154    i.prvSwitchTimerLists  timers.o
    0x080052d4   0x080052d4   0x00000016   Code   RO         5787    i.prvTaskCheckFreeStackSpace  tasks.o
    0x080052ea   0x080052ea   0x00000002   PAD
    0x080052ec   0x080052ec   0x00000040   Code   RO         6326    i.prvTaskExitError  port.o
    0x0800532c   0x0800532c   0x0000001a   Code   RO         6155    i.prvTimerTask      timers.o
    0x08005346   0x08005346   0x00000092   Code   RO         5548    i.prvUnlockQueue    queue.o
    0x080053d8   0x080053d8   0x0000013c   Code   RO         6278    i.pvPortMalloc      heap_4.o
    0x08005514   0x08005514   0x00000020   Code   RO         5790    i.pvTaskIncrementMutexHeldCount  tasks.o
    0x08005534   0x08005534   0x0000002c   Code   RO         6327    i.pxPortInitialiseStack  port.o
    0x08005560   0x08005560   0x00000014   Code   RO         8072    i.remote_control_init  remote_control.o
    0x08005574   0x08005574   0x00000078   Code   RO         8461    i.shoot_behaviour   shoot_task.o
    0x080055ec   0x080055ec   0x0000002c   Code   RO         7789    i.startTast         start_task.o
    0x08005618   0x08005618   0x000000fc   Code   RO         7790    i.start_task        start_task.o
    0x08005714   0x08005714   0x0000002c   Code   RO         7203    i.temperature_ADC_Reset  adc.o
    0x08005740   0x08005740   0x00000054   Code   RO         7204    i.temperature_ADC_init  adc.o
    0x08005794   0x08005794   0x00000028   Code   RO         5504    i.uxListRemove      list.o
    0x080057bc   0x080057bc   0x00000028   Code   RO         5793    i.uxTaskGetStackHighWaterMark  tasks.o
    0x080057e4   0x080057e4   0x0000001a   Code   RO         5505    i.vListInitialise   list.o
    0x080057fe   0x080057fe   0x00000006   Code   RO         5506    i.vListInitialiseItem  list.o
    0x08005804   0x08005804   0x00000034   Code   RO         5507    i.vListInsert       list.o
    0x08005838   0x08005838   0x00000018   Code   RO         5508    i.vListInsertEnd    list.o
    0x08005850   0x08005850   0x00000054   Code   RO         6329    i.vPortEnterCritical  port.o
    0x080058a4   0x080058a4   0x0000003c   Code   RO         6330    i.vPortExitCritical  port.o
    0x080058e0   0x080058e0   0x00000094   Code   RO         6279    i.vPortFree         heap_4.o
    0x08005974   0x08005974   0x00000002   Code   RO         7729    i.vPortSetupTimerInterrupt  freertos_middleware.o
    0x08005976   0x08005976   0x00000002   PAD
    0x08005978   0x08005978   0x00000078   Code   RO         6331    i.vPortValidateInterruptPriority  port.o
    0x080059f0   0x080059f0   0x0000002c   Code   RO         5554    i.vQueueAddToRegistry  queue.o
    0x08005a1c   0x08005a1c   0x0000004a   Code   RO         5558    i.vQueueWaitForMessageRestricted  queue.o
    0x08005a66   0x08005a66   0x00000002   PAD
    0x08005a68   0x08005a68   0x0000005c   Code   RO         5799    i.vTaskDelay        tasks.o
    0x08005ac4   0x08005ac4   0x000000f4   Code   RO         5801    i.vTaskDelete       tasks.o
    0x08005bb8   0x08005bb8   0x0000000c   Code   RO         5805    i.vTaskMissedYield  tasks.o
    0x08005bc4   0x08005bc4   0x000000f0   Code   RO         5806    i.vTaskNotifyGiveFromISR  tasks.o
    0x08005cb4   0x08005cb4   0x00000038   Code   RO         5807    i.vTaskPlaceOnEventList  tasks.o
    0x08005cec   0x08005cec   0x00000040   Code   RO         5808    i.vTaskPlaceOnEventListRestricted  tasks.o
    0x08005d2c   0x08005d2c   0x000000b0   Code   RO         5810    i.vTaskPriorityInherit  tasks.o
    0x08005ddc   0x08005ddc   0x00000030   Code   RO         5814    i.vTaskSetTimeOutState  tasks.o
    0x08005e0c   0x08005e0c   0x00000094   Code   RO         5815    i.vTaskStartScheduler  tasks.o
    0x08005ea0   0x08005ea0   0x00000010   Code   RO         5817    i.vTaskSuspendAll   tasks.o
    0x08005eb0   0x08005eb0   0x0000008c   Code   RO         5818    i.vTaskSwitchContext  tasks.o
    0x08005f3c   0x08005f3c   0x0000013c   Code   RO         6332    i.xPortStartScheduler  port.o
    0x08006078   0x08006078   0x00000034   Code   RO         6333    i.xPortSysTickHandler  port.o
    0x080060ac   0x080060ac   0x00000058   Code   RO         5563    i.xQueueGenericCreate  queue.o
    0x08006104   0x08006104   0x000001c4   Code   RO         5564    i.xQueueGenericReceive  queue.o
    0x080062c8   0x080062c8   0x00000098   Code   RO         5565    i.xQueueGenericReset  queue.o
    0x08006360   0x08006360   0x000001c8   Code   RO         5566    i.xQueueGenericSend  queue.o
    0x08006528   0x08006528   0x00000108   Code   RO         5567    i.xQueueGenericSendFromISR  queue.o
    0x08006630   0x08006630   0x0000008c   Code   RO         5819    i.xTaskCheckForTimeOut  tasks.o
    0x080066bc   0x080066bc   0x00000060   Code   RO         5820    i.xTaskCreate       tasks.o
    0x0800671c   0x0800671c   0x00000020   Code   RO         5825    i.xTaskGetSchedulerState  tasks.o
    0x0800673c   0x0800673c   0x0000000c   Code   RO         5826    i.xTaskGetTickCount  tasks.o
    0x08006748   0x08006748   0x00000148   Code   RO         5828    i.xTaskIncrementTick  tasks.o
    0x08006890   0x08006890   0x000000c8   Code   RO         5831    i.xTaskPriorityDisinherit  tasks.o
    0x08006958   0x08006958   0x00000098   Code   RO         5832    i.xTaskRemoveFromEventList  tasks.o
    0x080069f0   0x080069f0   0x00000104   Code   RO         5834    i.xTaskResumeAll    tasks.o
    0x08006af4   0x08006af4   0x00000054   Code   RO         6159    i.xTimerCreateTimerTask  timers.o
    0x08006b48   0x08006b48   0x00000084   Code   RO         6160    i.xTimerGenericCommand  timers.o
    0x08006bcc   0x08006bcc   0x00000018   Data   RO         8336    .constdata          servo_task.o
    0x08006be4   0x08006be4   0x00000048   Data   RO         8408    .constdata          gimbal_behaviour_simple.o
    0x08006c2c   0x08006c2c   0x00000018   Data   RO         8463    .constdata          shoot_task.o
    0x08006c44   0x08006c44   0x00000008   Data   RO         8500    .constdata          chassis_task_simple.o
    0x08006c4c   0x08006c4c   0x0000000c   Data   RO         8534    .constdata          chassis_behaviour_simple.o
    0x08006c58   0x08006c58   0x00000302   Data   RO         8649    .constdata          crc_check.o
    0x08006f5a   0x08006f5a   0x00000002   PAD
    0x08006f5c   0x08006f5c   0x00000020   Data   RO         9627    Region$$Table       anon$$obj.o


    Execution Region RW_IRAM1 (Exec base: 0x20000000, Load base: 0x08006f7c, Size: 0x000216d0, Max: 0x00030000, ABSOLUTE, COMPRESSED[0x00000054])

    Exec Addr    Load Addr    Size         Type   Attr      Idx    E Section Name        Object

    0x20000000   COMPRESSED   0x00000014   Data   RW          187    .data               system_stm32f4xx.o
    0x20000014   COMPRESSED   0x00000010   Data   RW         3212    .data               stm32f4xx_rcc.o
    0x20000024   COMPRESSED   0x0000003c   Data   RW         5837    .data               tasks.o
    0x20000060   COMPRESSED   0x00000014   Data   RW         6166    .data               timers.o
    0x20000074   COMPRESSED   0x00000018   Data   RW         6284    .data               heap_4.o
    0x2000008c   COMPRESSED   0x0000000c   Data   RW         6334    .data               port.o
    0x20000098   COMPRESSED   0x00000008   Data   RW         7163    .data               delay.o
    0x200000a0   COMPRESSED   0x00000003   Data   RW         7627    .data               uart_blt566.o
    0x200000a3   COMPRESSED   0x00000005   PAD
    0x200000a8   COMPRESSED   0x00000008   Data   RW         7730    .data               freertos_middleware.o
    0x200000b0   COMPRESSED   0x0000002c   Data   RW         7791    .data               start_task.o
    0x200000dc   COMPRESSED   0x00000080   Data   RW         7903    .data               ins_task.o
    0x2000015c   COMPRESSED   0x00000008   Data   RW         8002    .data               user_task.o
    0x20000164   COMPRESSED   0x00000002   Data   RW         8076    .data               remote_control.o
    0x20000166   COMPRESSED   0x00000001   Data   RW         8160    .data               can_receive.o
    0x20000167   COMPRESSED   0x00000001   PAD
    0x20000168   COMPRESSED   0x0000002e   Data   RW         8337    .data               servo_task.o
    0x20000196   COMPRESSED   0x00000002   PAD
    0x20000198   COMPRESSED   0x00000008   Data   RW         8373    .data               gimbal_task_simple.o
    0x200001a0   COMPRESSED   0x0000005a   Data   RW         8409    .data               gimbal_behaviour_simple.o
    0x200001fa   COMPRESSED   0x00000002   PAD
    0x200001fc   COMPRESSED   0x00000044   Data   RW         8464    .data               shoot_task.o
    0x20000240   COMPRESSED   0x0000002d   Data   RW         8535    .data               chassis_behaviour_simple.o
    0x2000026d   COMPRESSED   0x00000001   PAD
    0x2000026e   COMPRESSED   0x00000052   Data   RW         8581    .data               judge_analysis.o
    0x200002c0   COMPRESSED   0x00000002   Data   RW         8650    .data               crc_check.o
    0x200002c2   COMPRESSED   0x0000000f   Data   RW         8702    .data               imu901.o
    0x200002d1   COMPRESSED   0x00000003   PAD
    0x200002d4        -       0x00000040   Zero   RW         5578    .bss                queue.o
    0x20000314        -       0x000002e4   Zero   RW         5836    .bss                tasks.o
    0x200005f8        -       0x00000028   Zero   RW         6165    .bss                timers.o
    0x20000620        -       0x00020000   Zero   RW         6283    .bss                heap_4.o
    0x20020620        -       0x00000034   Zero   RW         8001    .bss                user_task.o
    0x20020654        -       0x0000005e   Zero   RW         8075    .bss                remote_control.o
    0x200206b2   COMPRESSED   0x00000002   PAD
    0x200206b4        -       0x0000024c   Zero   RW         8159    .bss                can_receive.o
    0x20020900        -       0x000001d4   Zero   RW         8291    .bss                detect_task.o
    0x20020ad4        -       0x000000d8   Zero   RW         8335    .bss                servo_task.o
    0x20020bac        -       0x000001b0   Zero   RW         8407    .bss                gimbal_behaviour_simple.o
    0x20020d5c        -       0x000000d8   Zero   RW         8462    .bss                shoot_task.o
    0x20020e34        -       0x00000020   Zero   RW         8499    .bss                chassis_task_simple.o
    0x20020e54        -       0x00000140   Zero   RW         8533    .bss                chassis_behaviour_simple.o
    0x20020f94        -       0x00000298   Zero   RW         8580    .bss                judge_analysis.o
    0x2002122c        -       0x00000079   Zero   RW         8700    .bss                imu901.o
    0x200212a5        -       0x00000028   Zero   RW         8732    .bss                vofa.o
    0x200212cd   COMPRESSED   0x00000003   PAD
    0x200212d0        -       0x00000400   Zero   RW            1    STACK               startup_stm32f427xx.o


==============================================================================

Image component sizes


      Code (inc. data)   RO Data    RW Data    ZI Data      Debug   Object Name

       128         10          0          0          0       1099   adc.o
       200         14          0          0          0       1267   buzzer.o
       548         16          0          0          0       1998   can.o
      1760        156          0          1        588      14236   can_receive.o
      1376         96         12         45        320       3170   chassis_behaviour_simple.o
       128         30          8          0         32       1552   chassis_task_simple.o
       198         16        770          2          0       3609   crc_check.o
         0          0          0          0          0       7184   croutine.o
       188         22          0          8          0       1448   delay.o
       292          4          0          0        468       2571   detect_task.o
         0          0          0          0          0      11804   event_groups.o
        66          8          0          8          0       7654   freertos_middleware.o
      1544        228         72         90        432       5265   gimbal_behaviour_simple.o
       140         26          0          8          0        916   gimbal_task_simple.o
       692         62          0         24     131072       4355   heap_4.o
       404         36          0         15        121       3972   imu901.o
       120         22          0        128          0       6664   ins_task.o
       704         36          0         82        664       7527   judge_analysis.o
       100         18          0          0          0       1521   laser.o
       192         36          0          0          0       2532   led.o
       148          0          0          0          0       3182   list.o
       150         12          0          0          0       3062   main.o
       180         24          0          0          0       2017   misc.o
        32          8          0          0          0       1038   mpu6500driver_middleware.o
       592          8          0          0          0       2334   pid.o
       922         86          0         12          0      10986   port.o
       104         12          0          0          0       1215   power_ctrl.o
      2088         22          0          0         64      16593   queue.o
       332         20          0          0          0       1246   rc.o
       486         32          0          2         94       4671   remote_control.o
       532         76         24         46        216       2207   servo_task.o
       920        118         24         68        216       2907   shoot_task.o
       116         12          0          0          0        574   spi.o
       296        142          0         44          0       3742   start_task.o
        52         14        428          0       1024        860   startup_stm32f427xx.o
       382         34          0          0          0       4236   stm32f4xx_adc.o
      1566         16          0          0          0       6230   stm32f4xx_can.o
       782         68          0          0          0       9082   stm32f4xx_dma.o
        36         10          0          0          0       1092   stm32f4xx_exti.o
       222          0          0          0          0       2783   stm32f4xx_gpio.o
        20          0          0          0          0     334901   stm32f4xx_it.o
       392         48          0         16          0       5725   stm32f4xx_rcc.o
       366         38          0          0          0       5369   stm32f4xx_tim.o
       680         42          0          0          0       5922   stm32f4xx_usart.o
       392         32          0         20          0     314837   system_stm32f4xx.o
      3380        440          0         60        740      25166   tasks.o
      1138        116          0         20         40      17051   timers.o
       260         26          0          3          0       2659   uart_blt566.o
       404         22          0          0          0       2592   uart_vofa.o
       340         18          0          0          0        850   usart.o
       120          4          0          0          0       2124   user_lib.o
       324         36          0          8         52       4219   user_task.o
         0          0          0          0         40        659   vofa.o

    ----------------------------------------------------------------------
     26570       2372       1372        724     136188     892475   Object Totals
         0          0         32          0          0          0   (incl. Generated)
        36          0          2         14          5          0   (incl. Padding)

    ----------------------------------------------------------------------

      Code (inc. data)   RO Data    RW Data    ZI Data      Debug   Library Member Name

        20          0          0          0          0        124   fabs.o
        86          0          0          0          0          0   __dczerorl2.o
         0          0          0          0          0          0   entry.o
         0          0          0          0          0          0   entry10a.o
         0          0          0          0          0          0   entry11a.o
         8          4          0          0          0          0   entry2.o
         4          0          0          0          0          0   entry5.o
         0          0          0          0          0          0   entry7b.o
         0          0          0          0          0          0   entry8b.o
         8          4          0          0          0          0   entry9a.o
        30          0          0          0          0          0   handlers.o
        36          8          0          0          0         68   init.o
         0          0          0          0          0          0   iusefp.o
        30          0          0          0          0         68   llshl.o
        32          0          0          0          0         68   llushr.o
        36          0          0          0          0         68   memcpya.o
        36          0          0          0          0        108   memseta.o
        48          0          0          0          0         68   cdrcmple.o
       186          0          0          0          0        176   depilogue.o
        34          0          0          0          0         76   dflti.o

    ----------------------------------------------------------------------
       598         16          0          0          0        824   Library Totals
         4          0          0          0          0          0   (incl. Padding)

    ----------------------------------------------------------------------

      Code (inc. data)   RO Data    RW Data    ZI Data      Debug   Library Name

        20          0          0          0          0        124   m_wm.l
       306         16          0          0          0        380   mc_w.l
       268          0          0          0          0        320   mf_w.l

    ----------------------------------------------------------------------
       598         16          0          0          0        824   Library Totals

    ----------------------------------------------------------------------

==============================================================================


      Code (inc. data)   RO Data    RW Data    ZI Data      Debug   

     27168       2388       1372        724     136188     872071   Grand Totals
     27168       2388       1372         84     136188     872071   ELF Image Totals (compressed)
     27168       2388       1372         84          0          0   ROM Totals

==============================================================================

    Total RO  Size (Code + RO Data)                28540 (  27.87kB)
    Total RW  Size (RW Data + ZI Data)            136912 ( 133.70kB)
    Total ROM Size (Code + RO Data + RW Data)      28624 (  27.95kB)

==============================================================================

